Component: ARM Compiler 5.06 update 5 (build 528) Tool: armlink [4d35e2]

==============================================================================

Section Cross References

    main.o(.text) refers to delay.o(.text) for delay_init
    main.o(.text) refers to misc.o(.text) for NVIC_PriorityGroupConfig
    main.o(.text) refers to sys.o(.text) for JTAG_Set
    main.o(.text) refers to usart.o(.text) for uart1_init
    main.o(.text) refers to led.o(.text) for LED_Init
    main.o(.text) refers to timer.o(.text) for TIM3_Int_Init
    main.o(.text) refers to ct1711.o(.text) for CT1711_Init
    main.o(.text) refers to max30102.o(.text) for max30102_init
    main.o(.text) refers to hw_config.o(.text) for USB_Port_Set
    main.o(.text) refers to usb_init.o(.text) for USB_Init
    main.o(.text) refers to rt_memclr.o(.text) for __aeabi_memclr
    main.o(.text) refers to fmul.o(x$fpl$fmul) for __aeabi_fmul
    main.o(.text) refers to ffixu.o(x$fpl$ffixu) for __aeabi_f2uiz
    main.o(.text) refers to fflt_clz.o(x$fpl$ffltu) for __aeabi_ui2f
    main.o(.text) refers to fdiv.o(x$fpl$fdiv) for __aeabi_fdiv
    main.o(.text) refers to ffix.o(x$fpl$ffix) for __aeabi_f2iz
    main.o(.text) refers to algorithm.o(.text) for maxim_heart_rate_and_oxygen_saturation
    main.o(.text) refers to usb_pwr.o(.data) for bDeviceState
    main.o(.text) refers to hw_config.o(.data) for USB_USART_RX_STA
    main.o(.text) refers to hw_config.o(.bss) for USB_USART_RX_BUF
    main.o(.text) refers to timer.o(.data) for led_flag
    main.o(.text) refers to main.o(.data) for CT1711_temp
    main.o(.text) refers to main.o(.bss) for aun_red_buffer
    system_stm32f10x.o(.text) refers to system_stm32f10x.o(.data) for SystemCoreClock
    led.o(.text) refers to stm32f10x_rcc.o(.text) for RCC_APB2PeriphClockCmd
    led.o(.text) refers to stm32f10x_gpio.o(.text) for GPIO_Init
    timer.o(.text) refers to stm32f10x_rcc.o(.text) for RCC_APB1PeriphClockCmd
    timer.o(.text) refers to stm32f10x_tim.o(.text) for TIM_TimeBaseInit
    timer.o(.text) refers to misc.o(.text) for NVIC_Init
    timer.o(.text) refers to timer.o(.data) for led_flag
    ct1711.o(.text) refers to stm32f10x_rcc.o(.text) for RCC_APB2PeriphClockCmd
    ct1711.o(.text) refers to stm32f10x_gpio.o(.text) for GPIO_Init
    ct1711.o(.text) refers to delay.o(.text) for delay_us
    ct1711.o(.text) refers to dflt_clz.o(x$fpl$dflt) for __aeabi_i2d
    ct1711.o(.text) refers to dmul.o(x$fpl$dmul) for __aeabi_dmul
    ct1711.o(.text) refers to ddiv.o(x$fpl$ddiv) for __aeabi_ddiv
    ct1711.o(.text) refers to d2f.o(x$fpl$d2f) for __aeabi_d2f
    ct1711.o(.text) refers to fflt_clz.o(x$fpl$fflt) for __aeabi_i2f
    ct1711.o(.text) refers to f2d.o(x$fpl$f2d) for __aeabi_f2d
    algorithm.o(.text) refers to algorithm.o(.bss) for an_x
    algorithm.o(.text) refers to algorithm.o(.constdata) for auw_hamm
    max30102.o(.text) refers to myiic.o(.text) for IIC_Start
    max30102.o(.text) refers to stm32f10x_rcc.o(.text) for RCC_APB2PeriphClockCmd
    max30102.o(.text) refers to stm32f10x_gpio.o(.text) for GPIO_Init
    myiic.o(.text) refers to stm32f10x_rcc.o(.text) for RCC_APB2PeriphClockCmd
    myiic.o(.text) refers to stm32f10x_gpio.o(.text) for GPIO_Init
    myiic.o(.text) refers to delay.o(.text) for delay_us
    delay.o(.text) refers to misc.o(.text) for SysTick_CLKSourceConfig
    delay.o(.text) refers to system_stm32f10x.o(.data) for SystemCoreClock
    delay.o(.text) refers to delay.o(.data) for fac_us
    usart.o(.text) refers (Special) to use_no_semi_2.o(.text) for __use_no_semihosting
    usart.o(.text) refers to stm32f10x_rcc.o(.text) for RCC_APB2PeriphClockCmd
    usart.o(.text) refers to stm32f10x_usart.o(.text) for USART_DeInit
    usart.o(.text) refers to stm32f10x_gpio.o(.text) for GPIO_Init
    usart.o(.text) refers to misc.o(.text) for NVIC_Init
    usart.o(.text) refers to stm32f10x_dma.o(.text) for DMA_DeInit
    usart.o(.text) refers to usart.o(.data) for Usart1_TX_Cou
    usart.o(.text) refers to usart.o(.bss) for USART1_RX_BUF
    usart.o(.bss) refers (Special) to use_no_semi_2.o(.text) for __use_no_semihosting
    usart.o(.data) refers (Special) to use_no_semi_2.o(.text) for __use_no_semihosting
    startup_stm32f10x_hd.o(STACK) refers (Special) to heapauxi.o(.text) for __use_two_region_memory
    startup_stm32f10x_hd.o(HEAP) refers (Special) to heapauxi.o(.text) for __use_two_region_memory
    startup_stm32f10x_hd.o(RESET) refers (Special) to heapauxi.o(.text) for __use_two_region_memory
    startup_stm32f10x_hd.o(RESET) refers to startup_stm32f10x_hd.o(STACK) for __initial_sp
    startup_stm32f10x_hd.o(RESET) refers to startup_stm32f10x_hd.o(.text) for Reset_Handler
    startup_stm32f10x_hd.o(RESET) refers to stm32f10x_it.o(.text) for NMI_Handler
    startup_stm32f10x_hd.o(RESET) refers to hw_config.o(.text) for USB_LP_CAN1_RX0_IRQHandler
    startup_stm32f10x_hd.o(RESET) refers to timer.o(.text) for TIM3_IRQHandler
[...]
    SVC_Handler                              0x080005cb   Thumb Code     2  stm32f10x_it.o(.text)
    DebugMon_Handler                         0x080005cd   Thumb Code     2  stm32f10x_it.o(.text)
    PendSV_Handler                           0x080005cf   Thumb Code     2  stm32f10x_it.o(.text)
    SysTick_Handler                          0x080005d1   Thumb Code     2  stm32f10x_it.o(.text)
    SystemInit                               0x080006b3   Thumb Code    78  system_stm32f10x.o(.text)
    SystemCoreClockUpdate                    0x08000701   Thumb Code   142  system_stm32f10x.o(.text)
    LED_Init                                 0x080007b5   Thumb Code    48  led.o(.text)
    TIM3_Int_Init                            0x080007e9   Thumb Code    90  timer.o(.text)
    TIM3_IRQHandler                          0x08000843   Thumb Code    32  timer.o(.text)
    CT1711_Init                              0x0800086d   Thumb Code    40  ct1711.o(.text)
    CT1711_reset                             0x08000895   Thumb Code    32  ct1711.o(.text)
    CT1711_Read_Bit                          0x080008b5   Thumb Code    72  ct1711.o(.text)
    CT1711_Read_Byte                         0x080008fd   Thumb Code    28  ct1711.o(.text)
    CT1711_Read_Temp_Degree                  0x08000919   Thumb Code   208  ct1711.o(.text)
    maxim_sort_ascend                        0x080009f9   Thumb Code    54  algorithm.o(.text)
    maxim_sort_indices_descend               0x08000a2f   Thumb Code    64  algorithm.o(.text)
    maxim_remove_close_peaks                 0x08000a6f   Thumb Code   114  algorithm.o(.text)
    maxim_peaks_above_min_height             0x08000ae1   Thumb Code   122  algorithm.o(.text)
    maxim_find_peaks                         0x08000b5b   Thumb Code    66  algorithm.o(.text)
    maxim_heart_rate_and_oxygen_saturation   0x08000b9d   Thumb Code  1272  algorithm.o(.text)
    max30102_Bus_Write                       0x0800109d   Thumb Code    68  max30102.o(.text)
    max30102_Bus_Read                        0x080010e1   Thumb Code    82  max30102.o(.text)
    max30102_FIFO_ReadWords                  0x08001133   Thumb Code   168  max30102.o(.text)
    max30102_FIFO_ReadBytes                  0x080011db   Thumb Code   128  max30102.o(.text)
    max30102_reset                           0x0800125b   Thumb Code    20  max30102.o(.text)
    max30102_init                            0x0800126f   Thumb Code   130  max30102.o(.text)
    maxim_max30102_write_reg                 0x080012f1   Thumb Code    18  max30102.o(.text)
    maxim_max30102_read_reg                  0x08001303   Thumb Code    18  max30102.o(.text)
    maxim_max30102_read_fifo                 0x08001315   Thumb Code   124  max30102.o(.text)
    IIC_Init                                 0x08001395   Thumb Code    50  myiic.o(.text)
    IIC_Start                                0x080013c7   Thumb Code    68  myiic.o(.text)
    IIC_Stop                                 0x0800140b   Thumb Code    62  myiic.o(.text)
    IIC_Wait_Ack                             0x08001449   Thumb Code    88  myiic.o(.text)
    IIC_Ack                                  0x080014a1   Thumb Code    66  myiic.o(.text)
    IIC_NAck                                 0x080014e3   Thumb Code    66  myiic.o(.text)
    IIC_Send_Byte                            0x08001525   Thumb Code    90  myiic.o(.text)
    IIC_Read_Byte                            0x0800157f   Thumb Code   100  myiic.o(.text)
    IIC_WriteBytes                           0x080015e3   Thumb Code    60  myiic.o(.text)
    IIC_ReadBytes                            0x0800161f   Thumb Code    94  myiic.o(.text)
    IIC_Read_One_Byte                        0x0800167d   Thumb Code    62  myiic.o(.text)
    IIC_Write_One_Byte                       0x080016bb   Thumb Code    54  myiic.o(.text)
    delay_init                               0x080016fd   Thumb Code    50  delay.o(.text)
    delay_us                                 0x0800172f   Thumb Code    72  delay.o(.text)
    delay_ms                                 0x08001777   Thumb Code    72  delay.o(.text)
    WFI_SET                                  0x080017d1   Thumb Code     4  sys.o(.text)
    INTX_DISABLE                             0x080017d5   Thumb Code     4  sys.o(.text)
    INTX_ENABLE                              0x080017d9   Thumb Code     4  sys.o(.text)
    JTAG_Set                                 0x080017dd   Thumb Code    38  sys.o(.text)
    _sys_exit                                0x0800180d   Thumb Code     4  usart.o(.text)
    fputc                                    0x08001811   Thumb Code    24  usart.o(.text)
    uart1_init                               0x08001829   Thumb Code   180  usart.o(.text)
    USART1_DMA_TX                            0x080018dd   Thumb Code   112  usart.o(.text)
    USART1_DMA_RX                            0x0800194d   Thumb Code    98  usart.o(.text)
    USART1_IRQHandler                        0x080019af   Thumb Code    80  usart.o(.text)
    Reset_Handler                            0x08001a1d   Thumb Code     8  startup_stm32f10x_hd.o(.text)
    ADC1_2_IRQHandler                        0x08001a37   Thumb Code     0  startup_stm32f10x_hd.o(.text)
    ADC3_IRQHandler                          0x08001a37   Thumb Code     0  startup_stm32f10x_hd.o(.text)
    CAN1_RX1_IRQHandler                      0x08001a37   Thumb Code     0  startup_stm32f10x_hd.o(.text)
    CAN1_SCE_IRQHandler                      0x08001a37   Thumb Code     0  startup_stm32f10x_hd.o(.text)
    DMA1_Channel1_IRQHandler                 0x08001a37   Thumb Code     0  startup_stm32f10x_hd.o(.text)
    DMA1_Channel2_IRQHandler                 0x08001a37   Thumb Code     0  startup_stm32f10x_hd.o(.text)
    DMA1_Channel3_IRQHandler                 0x08001a37   Thumb Code     0  startup_stm32f10x_hd.o(.text)
    DMA1_Channel4_IRQHandler                 0x08001a37   Thumb Code     0  startup_stm32f10x_hd.o(.text)
    DMA1_Channel5_IRQHandler                 0x08001a37   Thumb Code     0  startup_stm32f10x_hd.o(.text)
    DMA1_Channel6_IRQHandler                 0x08001a37   Thumb Code     0  startup_stm32f10x_hd.o(.text)
    DMA1_Channel7_IRQHandler                 0x08001a37   Thumb Code     0  startup_stm32f10x_hd.o(.text)
    DMA2_Channel1_IRQHandler                 0x08001a37   Thumb Code     0  startup_stm32f10x_hd.o(.text)
    DMA2_Channel2_IRQHandler                 0x08001a37   Thumb Code     0  startup_stm32f10x_hd.o(.text)
    DMA2_Channel3_IRQHandler                 0x08001a37   Thumb Code     0  startup_stm32f10x_hd.o(.text)
    DMA2_Channel4_5_IRQHandler               0x08001a37   Thumb Code     0  startup_stm32f10x_hd.o(.text)
    EXTI0_IRQHandler                         0x08001a37   Thumb Code     0  startup_stm32f10x_hd.o(.text)
    EXTI15_10_IRQHandler                     0x08001a37   Thumb Code     0  startup_stm32f10x_hd.o(.text)
    EXTI1_IRQHandler                         0x08001a37   Thumb Code     0  startup_stm32f10x_hd.o(.text)
    EXTI2_IRQHandler                         0x08001a37   Thumb Code     0  startup_stm32f10x_hd.o(.text)
    EXTI3_IRQHandler                         0x08001a37   Thumb Code     0  startup_stm32f10x_hd.o(.text)
    EXTI4_IRQHandler                         0x08001a37   Thumb Code     0  startup_stm32f10x_hd.o(.text)
    EXTI9_5_IRQHandler                       0x08001a37   Thumb Code     0  startup_stm32f10x_hd.o(.text)
    FLASH_IRQHandler                         0x08001a37   Thumb Code     0  startup_stm32f10x_hd.o(.text)
    FSMC_IRQHandler                          0x08001a37   Thumb Code     0  startup_stm32f10x_hd.o(.text)
    I2C1_ER_IRQHandler                       0x08001a37   Thumb Code     0  startup_stm32f10x_hd.o(.text)
    I2C1_EV_IRQHandler                       0x08001a37   Thumb Code     0  startup_stm32f10x_hd.o(.text)
    I2C2_ER_IRQHandler                       0x08001a37   Thumb Code     0  startup_stm32f10x_hd.o(.text)
    I2C2_EV_IRQHandler                       0x08001a37   Thumb Code     0  startup_stm32f10x_hd.o(.text)
    PVD_IRQHandler                           0x08001a37   Thumb Code     0  startup_stm32f10x_hd.o(.text)
    RCC_IRQHandler                           0x08001a37   Thumb Code     0  startup_stm32f10x_hd.o(.text)
    RTCAlarm_IRQHandler                      0x08001a37   Thumb Code     0  startup_stm32f10x_hd.o(.text)
    RTC_IRQHandler                           0x08001a37   Thumb Code     0  startup_stm32f10x_hd.o(.text)
    SDIO_IRQHandler                          0x08001a37   Thumb Code     0  startup_stm32f10x_hd.o(.text)
    SPI1_IRQHandler                          0x08001a37   Thumb Code     0  startup_stm32f10x_hd.o(.text)
    SPI2_IRQHandler                          0x08001a37   Thumb Code     0  startup_stm32f10x_hd.o(.text)
    SPI3_IRQHandler                          0x08001a37   Thumb Code     0  startup_stm32f10x_hd.o(.text)
    TAMPER_IRQHandler                        0x08001a37   Thumb Code     0  startup_stm32f10x_hd.o(.text)
    TIM1_BRK_IRQHandler                      0x08001a37   Thumb Code     0  startup_stm32f10x_hd.o(.text)
    TIM1_CC_IRQHandler                       0x08001a37   Thumb Code     0  startup_stm32f10x_hd.o(.text)
    TIM1_TRG_COM_IRQHandler                  0x08001a37   Thumb Code     0  startup_stm32f10x_hd.o(.text)
    TIM1_UP_IRQHandler                       0x08001a37   Thumb Code     0  startup_stm32f10x_hd.o(.text)
    TIM2_IRQHandler                          0x08001a37   Thumb Code     0  startup_stm32f10x_hd.o(.text)
    TIM4_IRQHandler                          0x08001a37   Thumb Code     0  startup_stm32f10x_hd.o(.text)
    TIM5_IRQHandler                          0x08001a37   Thumb Code     0  startup_stm32f10x_hd.o(.text)
    TIM6_IRQHandler                          0x08001a37   Thumb Code     0  startup_stm32f10x_hd.o(.text)
    TIM7_IRQHandler                          0x08001a37   Thumb Code     0  startup_stm32f10x_hd.o(.text)
    TIM8_BRK_IRQHandler                      0x08001a37   Thumb Code     0  startup_stm32f10x_hd.o(.text)
    TIM8_CC_IRQHandler                       0x08001a37   Thumb Code     0  startup_stm32f10x_hd.o(.text)
    TIM8_TRG_COM_IRQHandler                  0x08001a37   Thumb Code     0  startup_stm32f10x_hd.o(.text)
    TIM8_UP_IRQHandler                       0x08001a37   Thumb Code     0  startup_stm32f10x_hd.o(.text)
    UART4_IRQHandler                         0x08001a37   Thumb Code     0  startup_stm32f10x_hd.o(.text)
    UART5_IRQHandler                         0x08001a37   Thumb Code     0  startup_stm32f10x_hd.o(.text)
    USART2_IRQHandler                        0x08001a37   Thumb Code     0  startup_stm32f10x_hd.o(.text)
    USART3_IRQHandler                        0x08001a37   Thumb Code     0  startup_stm32f10x_hd.o(.text)
    USB_HP_CAN1_TX_IRQHandler                0x08001a37   Thumb Code     0  startup_stm32f10x_hd.o(.text)
    WWDG_IRQHandler                          0x08001a37   Thumb Code     0  startup_stm32f10x_hd.o(.text)
    __user_initial_stackheap                 0x08001a39   Thumb Code     0  startup_stm32f10x_hd.o(.text)
    NVIC_PriorityGroupConfig                 0x08001a5d   Thumb Code    10  misc.o(.text)
    NVIC_Init                                0x08001a67   Thumb Code   100  misc.o(.text)
    NVIC_SetVectorTable                      0x08001acb   Thumb Code    14  misc.o(.text)
    NVIC_SystemLPConfig                      0x08001ad9   Thumb Code    34  misc.o(.text)
    SysTick_CLKSourceConfig                  0x08001afb   Thumb Code    40  misc.o(.text)
    GPIO_DeInit                              0x08001b39   Thumb Code   172  stm32f10x_gpio.o(.text)
    GPIO_AFIODeInit                          0x08001be5   Thumb Code    20  stm32f10x_gpio.o(.text)
    GPIO_Init                                0x08001bf9   Thumb Code   278  stm32f10x_gpio.o(.text)
    GPIO_StructInit                          0x08001d0f   Thumb Code    16  stm32f10x_gpio.o(.text)
    GPIO_ReadInputDataBit                    0x08001d1f   Thumb Code    18  stm32f10x_gpio.o(.text)
    GPIO_ReadInputData                       0x08001d31   Thumb Code     8  stm32f10x_gpio.o(.text)
    GPIO_ReadOutputDataBit                   0x08001d39   Thumb Code    18  stm32f10x_gpio.o(.text)
    GPIO_ReadOutputData                      0x08001d4b   Thumb Code     8  stm32f10x_gpio.o(.text)
    GPIO_SetBits                             0x08001d53   Thumb Code     4  stm32f10x_gpio.o(.text)
    GPIO_ResetBits                           0x08001d57   Thumb Code     4  stm32f10x_gpio.o(.text)
    GPIO_WriteBit                            0x08001d5b   Thumb Code    10  stm32f10x_gpio.o(.text)
    GPIO_Write                               0x08001d65   Thumb Code     4  stm32f10x_gpio.o(.text)
    GPIO_PinLockConfig                       0x08001d69   Thumb Code    18  stm32f10x_gpio.o(.text)
    GPIO_EventOutputConfig                   0x08001d7b   Thumb Code    26  stm32f10x_gpio.o(.text)
    GPIO_EventOutputCmd                      0x08001d95   Thumb Code     6  stm32f10x_gpio.o(.text)
    GPIO_PinRemapConfig                      0x08001d9b   Thumb Code   138  stm32f10x_gpio.o(.text)
    GPIO_EXTILineConfig                      0x08001e25   Thumb Code    66  stm32f10x_gpio.o(.text)
    GPIO_ETH_MediaInterfaceConfig            0x08001e67   Thumb Code     8  stm32f10x_gpio.o(.text)
    RCC_DeInit                               0x08001e95   Thumb Code    64  stm32f10x_rcc.o(.text)
    RCC_HSEConfig                            0x08001ed5   Thumb Code    70  stm32f10x_rcc.o(.text)
    RCC_GetFlagStatus                        0x08001f1b   Thumb Code    56  stm32f10x_rcc.o(.text)
    RCC_WaitForHSEStartUp                    0x08001f53   Thumb Code    56  stm32f10x_rcc.o(.text)
    RCC_AdjustHSICalibrationValue            0x08001f8b   Thumb Code    20  stm32f10x_rcc.o(.text)
    RCC_HSICmd                               0x08001f9f   Thumb Code     6  stm32f10x_rcc.o(.text)
    RCC_PLLConfig                            0x08001fa5   Thumb Code    24  stm32f10x_rcc.o(.text)
    RCC_PLLCmd                               0x08001fbd   Thumb Code     6  stm32f10x_rcc.o(.text)
    RCC_SYSCLKConfig                         0x08001fc3   Thumb Code    18  stm32f10x_rcc.o(.text)
    RCC_GetSYSCLKSource                      0x08001fd5   Thumb Code    10  stm32f10x_rcc.o(.text)
    RCC_HCLKConfig                           0x08001fdf   Thumb Code    18  stm32f10x_rcc.o(.text)
    RCC_PCLK1Config                          0x08001ff1   Thumb Code    18  stm32f10x_rcc.o(.text)
    RCC_PCLK2Config                          0x08002003   Thumb Code    20  stm32f10x_rcc.o(.text)
    RCC_ITConfig                             0x08002017   Thumb Code    26  stm32f10x_rcc.o(.text)
    RCC_USBCLKConfig                         0x08002031   Thumb Code     8  stm32f10x_rcc.o(.text)
    RCC_ADCCLKConfig                         0x08002039   Thumb Code    18  stm32f10x_rcc.o(.text)
    RCC_LSEConfig                            0x0800204b   Thumb Code    50  stm32f10x_rcc.o(.text)
    RCC_LSICmd                               0x0800207d   Thumb Code     6  stm32f10x_rcc.o(.text)
    RCC_RTCCLKConfig                         0x08002083   Thumb Code    12  stm32f10x_rcc.o(.text)
    RCC_RTCCLKCmd                            0x0800208f   Thumb Code     8  stm32f10x_rcc.o(.text)
    RCC_GetClocksFreq                        0x08002097   Thumb Code   192  stm32f10x_rcc.o(.text)
    RCC_AHBPeriphClockCmd                    0x08002157   Thumb Code    26  stm32f10x_rcc.o(.text)
    RCC_APB2PeriphClockCmd                   0x08002171   Thumb Code    26  stm32f10x_rcc.o(.text)
    RCC_APB1PeriphClockCmd                   0x0800218b   Thumb Code    26  stm32f10x_rcc.o(.text)
    RCC_APB2PeriphResetCmd                   0x080021a5   Thumb Code    26  stm32f10x_rcc.o(.text)
    RCC_APB1PeriphResetCmd                   0x080021bf   Thumb Code    26  stm32f10x_rcc.o(.text)
    RCC_BackupResetCmd                       0x080021d9   Thumb Code     8  stm32f10x_rcc.o(.text)
    RCC_ClockSecuritySystemCmd               0x080021e1   Thumb Code     6  stm32f10x_rcc.o(.text)
    RCC_MCOConfig                            0x080021e7   Thumb Code     6  stm32f10x_rcc.o(.text)
    RCC_ClearFlag                            0x080021ed   Thumb Code    14  stm32f10x_rcc.o(.text)
    RCC_GetITStatus                          0x080021fb   Thumb Code    20  stm32f10x_rcc.o(.text)
    RCC_ClearITPendingBit                    0x0800220f   Thumb Code     6  stm32f10x_rcc.o(.text)
    USART_DeInit                             0x08002239   Thumb Code   134  stm32f10x_usart.o(.text)
    USART_Init                               0x080022bf   Thumb Code   210  stm32f10x_usart.o(.text)
    USART_StructInit                         0x08002391   Thumb Code    24  stm32f10x_usart.o(.text)
    USART_ClockInit                          0x080023a9   Thumb Code    34  stm32f10x_usart.o(.text)
    USART_ClockStructInit                    0x080023cb   Thumb Code    12  stm32f10x_usart.o(.text)
    USART_Cmd                                0x080023d7   Thumb Code    24  stm32f10x_usart.o(.text)
    USART_ITConfig                           0x080023ef   Thumb Code    74  stm32f10x_usart.o(.text)
    USART_DMACmd                             0x08002439   Thumb Code    18  stm32f10x_usart.o(.text)
    USART_SetAddress                         0x0800244b   Thumb Code    18  stm32f10x_usart.o(.text)
    USART_WakeUpConfig                       0x0800245d   Thumb Code    18  stm32f10x_usart.o(.text)
    USART_ReceiverWakeUpCmd                  0x0800246f   Thumb Code    24  stm32f10x_usart.o(.text)
    USART_LINBreakDetectLengthConfig         0x08002487   Thumb Code    18  stm32f10x_usart.o(.text)
    USART_LINCmd                             0x08002499   Thumb Code    24  stm32f10x_usart.o(.text)
    USART_SendData                           0x080024b1   Thumb Code     8  stm32f10x_usart.o(.text)
    USART_ReceiveData                        0x080024b9   Thumb Code    10  stm32f10x_usart.o(.text)
    USART_SendBreak                          0x080024c3   Thumb Code    10  stm32f10x_usart.o(.text)
    USART_SetGuardTime                       0x080024cd   Thumb Code    16  stm32f10x_usart.o(.text)
    USART_SetPrescaler                       0x080024dd   Thumb Code    16  stm32f10x_usart.o(.text)
    USART_SmartCardCmd                       0x080024ed   Thumb Code    24  stm32f10x_usart.o(.text)
    USART_SmartCardNACKCmd                   0x08002505   Thumb Code    24  stm32f10x_usart.o(.text)
    USART_HalfDuplexCmd                      0x0800251d   Thumb Code    24  stm32f10x_usart.o(.text)
    USART_OverSampling8Cmd                   0x08002535   Thumb Code    22  stm32f10x_usart.o(.text)
    USART_OneBitMethodCmd                    0x0800254b   Thumb Code    24  stm32f10x_usart.o(.text)
    USART_IrDAConfig                         0x08002563   Thumb Code    18  stm32f10x_usart.o(.text)
    USART_IrDACmd                            0x08002575   Thumb Code    24  stm32f10x_usart.o(.text)
    USART_GetFlagStatus                      0x0800258d   Thumb Code    26  stm32f10x_usart.o(.text)
    USART_ClearFlag                          0x080025a7   Thumb Code    18  stm32f10x_usart.o(.text)
    USART_GetITStatus                        0x080025b9   Thumb Code    84  stm32f10x_usart.o(.text)
    USART_ClearITPendingBit                  0x0800260d   Thumb Code    52  stm32f10x_usart.o(.text)
    EXTI_DeInit                              0x08002641   Thumb Code    28  stm32f10x_exti.o(.text)
    EXTI_Init                                0x0800265d   Thumb Code   142  stm32f10x_exti.o(.text)
    EXTI_StructInit                          0x080026eb   Thumb Code    16  stm32f10x_exti.o(.text)
    EXTI_GenerateSWInterrupt                 0x080026fb   Thumb Code    16  stm32f10x_exti.o(.text)
    EXTI_GetFlagStatus                       0x0800270b   Thumb Code    22  stm32f10x_exti.o(.text)
    EXTI_ClearFlag                           0x08002721   Thumb Code     8  stm32f10x_exti.o(.text)
    EXTI_GetITStatus                         0x08002729   Thumb Code    34  stm32f10x_exti.o(.text)
    EXTI_ClearITPendingBit                   0x0800274b   Thumb Code     8  stm32f10x_exti.o(.text)
    TIM_DeInit                               0x0800275d   Thumb Code   424  stm32f10x_tim.o(.text)
    TIM_TimeBaseInit                         0x08002905   Thumb Code   122  stm32f10x_tim.o(.text)
    TIM_OC1Init                              0x0800297f   Thumb Code   132  stm32f10x_tim.o(.text)
    TIM_OC2Init                              0x08002a03   Thumb Code   154  stm32f10x_tim.o(.text)
    TIM_OC3Init                              0x08002a9d   Thumb Code   150  stm32f10x_tim.o(.text)
    TIM_OC4Init                              0x08002b33   Thumb Code   182  stm32f10x_tim.o(.text)
    TIM_SetIC4Prescaler                      0x08002be9   Thumb Code    26  stm32f10x_tim.o(.text)
    TIM_SetIC3Prescaler                      0x08002c85   Thumb Code    18  stm32f10x_tim.o(.text)
    TIM_SetIC2Prescaler                      0x08002d11   Thumb Code    26  stm32f10x_tim.o(.text)
    TIM_SetIC1Prescaler                      0x08002dad   Thumb Code    18  stm32f10x_tim.o(.text)
    TIM_ICInit                               0x08002e2b   Thumb Code   150  stm32f10x_tim.o(.text)
    TIM_PWMIConfig                           0x08002ec1   Thumb Code   124  stm32f10x_tim.o(.text)
    TIM_BDTRConfig                           0x08002f3d   Thumb Code    32  stm32f10x_tim.o(.text)
    TIM_TimeBaseStructInit                   0x08002f5d   Thumb Code    18  stm32f10x_tim.o(.text)
    TIM_OCStructInit                         0x08002f6f   Thumb Code    20  stm32f10x_tim.o(.text)
    TIM_ICStructInit                         0x08002f83   Thumb Code    18  stm32f10x_tim.o(.text)
    TIM_BDTRStructInit                       0x08002f95   Thumb Code    40  stm32f10x_tim.o(.text)
    TIM_Cmd                                  0x08002fbd   Thumb Code    24  stm32f10x_tim.o(.text)
    TIM_CtrlPWMOutputs                       0x08002fd5   Thumb Code    30  stm32f10x_tim.o(.text)
    TIM_ITConfig                             0x08002ff3   Thumb Code    18  stm32f10x_tim.o(.text)
    TIM_GenerateEvent                        0x08003005   Thumb Code     4  stm32f10x_tim.o(.text)
    TIM_DMAConfig                            0x08003009   Thumb Code    10  stm32f10x_tim.o(.text)
    TIM_DMACmd                               0x08003013   Thumb Code    18  stm32f10x_tim.o(.text)
    TIM_InternalClockConfig                  0x08003025   Thumb Code    12  stm32f10x_tim.o(.text)
    TIM_SelectInputTrigger                   0x08003031   Thumb Code    18  stm32f10x_tim.o(.text)
    TIM_ITRxExternalClockConfig              0x08003043   Thumb Code    24  stm32f10x_tim.o(.text)
    TIM_TIxExternalClockConfig               0x0800305b   Thumb Code    62  stm32f10x_tim.o(.text)
    TIM_ETRConfig                            0x08003099   Thumb Code    28  stm32f10x_tim.o(.text)
    TIM_ETRClockMode1Config                  0x080030b5   Thumb Code    54  stm32f10x_tim.o(.text)
    TIM_ETRClockMode2Config                  0x080030eb   Thumb Code    32  stm32f10x_tim.o(.text)
    TIM_PrescalerConfig                      0x0800310b   Thumb Code     6  stm32f10x_tim.o(.text)
    TIM_CounterModeConfig                    0x08003111   Thumb Code    18  stm32f10x_tim.o(.text)
    TIM_EncoderInterfaceConfig               0x08003123   Thumb Code    66  stm32f10x_tim.o(.text)
    TIM_ForcedOC1Config                      0x08003165   Thumb Code    18  stm32f10x_tim.o(.text)
    TIM_ForcedOC2Config                      0x08003177   Thumb Code    26  stm32f10x_tim.o(.text)
    TIM_ForcedOC3Config                      0x08003191   Thumb Code    18  stm32f10x_tim.o(.text)
    TIM_ForcedOC4Config                      0x080031a3   Thumb Code    26  stm32f10x_tim.o(.text)
    TIM_ARRPreloadConfig                     0x080031bd   Thumb Code    24  stm32f10x_tim.o(.text)
    TIM_SelectCOM                            0x080031d5   Thumb Code    24  stm32f10x_tim.o(.text)
    TIM_SelectCCDMA                          0x080031ed   Thumb Code    24  stm32f10x_tim.o(.text)
    TIM_CCPreloadControl                     0x08003205   Thumb Code    24  stm32f10x_tim.o(.text)
    TIM_OC1PreloadConfig                     0x0800321d   Thumb Code    18  stm32f10x_tim.o(.text)
    TIM_OC2PreloadConfig                     0x0800322f   Thumb Code    26  stm32f10x_tim.o(.text)
    TIM_OC3PreloadConfig                     0x08003249   Thumb Code    18  stm32f10x_tim.o(.text)
    TIM_OC4PreloadConfig                     0x0800325b   Thumb Code    26  stm32f10x_tim.o(.text)
    TIM_OC1FastConfig                        0x08003275   Thumb Code    18  stm32f10x_tim.o(.text)
    TIM_OC2FastConfig                        0x08003287   Thumb Code    26  stm32f10x_tim.o(.text)
    TIM_OC3FastConfig                        0x080032a1   Thumb Code    18  stm32f10x_tim.o(.text)
    TIM_OC4FastConfig                        0x080032b3   Thumb Code    26  stm32f10x_tim.o(.text)
    TIM_ClearOC1Ref                          0x080032cd   Thumb Code    18  stm32f10x_tim.o(.text)
    TIM_ClearOC2Ref                          0x080032df   Thumb Code    24  stm32f10x_tim.o(.text)
    TIM_ClearOC3Ref                          0x080032f7   Thumb Code    18  stm32f10x_tim.o(.text)
    TIM_ClearOC4Ref                          0x08003309   Thumb Code    24  stm32f10x_tim.o(.text)
    TIM_OC1PolarityConfig                    0x08003321   Thumb Code    18  stm32f10x_tim.o(.text)
    TIM_OC1NPolarityConfig                   0x08003333   Thumb Code    18  stm32f10x_tim.o(.text)
    TIM_OC2PolarityConfig                    0x08003345   Thumb Code    26  stm32f10x_tim.o(.text)
    TIM_OC2NPolarityConfig                   0x0800335f   Thumb Code    26  stm32f10x_tim.o(.text)
    TIM_OC3PolarityConfig                    0x08003379   Thumb Code    26  stm32f10x_tim.o(.text)
    TIM_OC3NPolarityConfig                   0x08003393   Thumb Code    26  stm32f10x_tim.o(.text)
    TIM_OC4PolarityConfig                    0x080033ad   Thumb Code    26  stm32f10x_tim.o(.text)
    TIM_CCxCmd                               0x080033c7   Thumb Code    30  stm32f10x_tim.o(.text)
    TIM_CCxNCmd                              0x080033e5   Thumb Code    30  stm32f10x_tim.o(.text)
    TIM_SelectOCxM                           0x08003403   Thumb Code    82  stm32f10x_tim.o(.text)
    TIM_UpdateDisableConfig                  0x08003455   Thumb Code    24  stm32f10x_tim.o(.text)
    TIM_UpdateRequestConfig                  0x0800346d   Thumb Code    24  stm32f10x_tim.o(.text)
    TIM_SelectHallSensor                     0x08003485   Thumb Code    24  stm32f10x_tim.o(.text)
    TIM_SelectOnePulseMode                   0x0800349d   Thumb Code    18  stm32f10x_tim.o(.text)
    TIM_SelectOutputTrigger                  0x080034af   Thumb Code    18  stm32f10x_tim.o(.text)
    TIM_SelectSlaveMode                      0x080034c1   Thumb Code    18  stm32f10x_tim.o(.text)
    TIM_SelectMasterSlaveMode                0x080034d3   Thumb Code    18  stm32f10x_tim.o(.text)
    TIM_SetCounter                           0x080034e5   Thumb Code     4  stm32f10x_tim.o(.text)
    TIM_SetAutoreload                        0x080034e9   Thumb Code     4  stm32f10x_tim.o(.text)
    TIM_SetCompare1                          0x080034ed   Thumb Code     4  stm32f10x_tim.o(.text)
    TIM_SetCompare2                          0x080034f1   Thumb Code     4  stm32f10x_tim.o(.text)
    TIM_SetCompare3                          0x080034f5   Thumb Code     4  stm32f10x_tim.o(.text)
    TIM_SetCompare4                          0x080034f9   Thumb Code     6  stm32f10x_tim.o(.text)
    TIM_SetClockDivision                     0x080034ff   Thumb Code    18  stm32f10x_tim.o(.text)
    TIM_GetCapture1                          0x08003511   Thumb Code     6  stm32f10x_tim.o(.text)
    TIM_GetCapture2                          0x08003517   Thumb Code     6  stm32f10x_tim.o(.text)
    TIM_GetCapture3                          0x0800351d   Thumb Code     6  stm32f10x_tim.o(.text)
    TIM_GetCapture4                          0x08003523   Thumb Code     8  stm32f10x_tim.o(.text)
    TIM_GetCounter                           0x0800352b   Thumb Code     6  stm32f10x_tim.o(.text)
    TIM_GetPrescaler                         0x08003531   Thumb Code     6  stm32f10x_tim.o(.text)
    TIM_GetFlagStatus                        0x08003537   Thumb Code    18  stm32f10x_tim.o(.text)
    TIM_ClearFlag                            0x08003549   Thumb Code     6  stm32f10x_tim.o(.text)
    TIM_GetITStatus                          0x0800354f   Thumb Code    34  stm32f10x_tim.o(.text)
    TIM_ClearITPendingBit                    0x08003571   Thumb Code     6  stm32f10x_tim.o(.text)
    DMA_DeInit                               0x08003579   Thumb Code   324  stm32f10x_dma.o(.text)
    DMA_Init                                 0x080036bd   Thumb Code    60  stm32f10x_dma.o(.text)
    DMA_StructInit                           0x080036f9   Thumb Code    26  stm32f10x_dma.o(.text)
    DMA_Cmd                                  0x08003713   Thumb Code    24  stm32f10x_dma.o(.text)
    DMA_ITConfig                             0x0800372b   Thumb Code    18  stm32f10x_dma.o(.text)
    DMA_SetCurrDataCounter                   0x0800373d   Thumb Code     4  stm32f10x_dma.o(.text)
    DMA_GetCurrDataCounter                   0x08003741   Thumb Code     8  stm32f10x_dma.o(.text)
    DMA_GetFlagStatus                        0x08003749   Thumb Code    40  stm32f10x_dma.o(.text)
    DMA_ClearFlag                            0x08003771   Thumb Code    22  stm32f10x_dma.o(.text)
    DMA_GetITStatus                          0x08003787   Thumb Code    40  stm32f10x_dma.o(.text)
    DMA_ClearITPendingBit                    0x080037af   Thumb Code    22  stm32f10x_dma.o(.text)
    Standard_GetConfiguration                0x080037cd   Thumb Code    34  usb_core.o(.text)
    Standard_SetConfiguration                0x080037ef   Thumb Code    60  usb_core.o(.text)
    Standard_GetInterface                    0x0800382b   Thumb Code    34  usb_core.o(.text)
    Standard_SetInterface                    0x0800384d   Thumb Code    96  usb_core.o(.text)
    Standard_GetStatus                       0x080038ad   Thumb Code   238  usb_core.o(.text)
    Standard_ClearFeature                    0x0800399b   Thumb Code   342  usb_core.o(.text)
    Standard_SetEndPointFeature              0x08003af1   Thumb Code   220  usb_core.o(.text)
    Standard_SetDeviceFeature                0x08003bcd   Thumb Code    30  usb_core.o(.text)
    Standard_GetDescriptorData               0x08003beb   Thumb Code    32  usb_core.o(.text)
    Post0_Process                            0x0800411f   Thumb Code    54  usb_core.o(.text)
    Setup0_Process                           0x08004155   Thumb Code   170  usb_core.o(.text)
    SetDeviceAddress                         0x080041ff   Thumb Code    70  usb_core.o(.text)
    In0_Process                              0x08004245   Thumb Code    98  usb_core.o(.text)
    Out0_Process                             0x080042a7   Thumb Code    70  usb_core.o(.text)
    NOP_Process                              0x080042ed   Thumb Code     2  usb_core.o(.text)
    USB_Init                                 0x0800431d   Thumb Code    36  usb_init.o(.text)
    CTR_LP                                   0x08004359   Thumb Code   616  usb_int.o(.text)
    CTR_HP                                   0x080045c1   Thumb Code   178  usb_int.o(.text)
    UserToPMABufferCopy                      0x08004695   Thumb Code    52  usb_mem.o(.text)
    PMAToUserBufferCopy                      0x080046c9   Thumb Code    34  usb_mem.o(.text)
    SetCNTR                                  0x080046f1   Thumb Code     6  usb_regs.o(.text)
    GetCNTR                                  0x080046f7   Thumb Code     8  usb_regs.o(.text)
    SetISTR                                  0x080046ff   Thumb Code     8  usb_regs.o(.text)
    GetISTR                                  0x08004707   Thumb Code    10  usb_regs.o(.text)
    GetFNR                                   0x08004711   Thumb Code    10  usb_regs.o(.text)
    SetDADDR                                 0x0800471b   Thumb Code     8  usb_regs.o(.text)
    GetDADDR                                 0x08004723   Thumb Code    10  usb_regs.o(.text)
    SetBTABLE                                0x0800472d   Thumb Code    14  usb_regs.o(.text)
    GetBTABLE                                0x0800473b   Thumb Code    10  usb_regs.o(.text)
    SetENDPOINT                              0x08004745   Thumb Code    12  usb_regs.o(.text)
    GetENDPOINT                              0x08004751   Thumb Code    16  usb_regs.o(.text)
    SetEPType                                0x08004761   Thumb Code    32  usb_regs.o(.text)
    GetEPType                                0x08004781   Thumb Code    18  usb_regs.o(.text)
    SetEPTxStatus                            0x08004793   Thumb Code    60  usb_regs.o(.text)
    SetEPRxStatus                            0x080047cf   Thumb Code    60  usb_regs.o(.text)
    SetDouBleBuffEPStall                     0x0800480b   Thumb Code    54  usb_regs.o(.text)
    GetEPTxStatus                            0x08004841   Thumb Code    18  usb_regs.o(.text)
    GetEPRxStatus                            0x08004853   Thumb Code    18  usb_regs.o(.text)
    SetEPTxValid                             0x08004865   Thumb Code    48  usb_regs.o(.text)
    SetEPRxValid                             0x08004895   Thumb Code    48  usb_regs.o(.text)
    SetEP_KIND                               0x080048c5   Thumb Code    38  usb_regs.o(.text)
    ClearEP_KIND                             0x080048eb   Thumb Code    34  usb_regs.o(.text)
    Clear_Status_Out                         0x0800490d   Thumb Code    34  usb_regs.o(.text)
    Set_Status_Out                           0x0800492f   Thumb Code    38  usb_regs.o(.text)
    SetEPDoubleBuff                          0x08004955   Thumb Code    38  usb_regs.o(.text)
    ClearEPDoubleBuff                        0x0800497b   Thumb Code    34  usb_regs.o(.text)
    GetTxStallStatus                         0x0800499d   Thumb Code    28  usb_regs.o(.text)
    GetRxStallStatus                         0x080049b9   Thumb Code    30  usb_regs.o(.text)
    ClearEP_CTR_RX                           0x080049d7   Thumb Code    32  usb_regs.o(.text)
    ClearEP_CTR_TX                           0x080049f7   Thumb Code    28  usb_regs.o(.text)
    ToggleDTOG_RX                            0x08004a13   Thumb Code    34  usb_regs.o(.text)
    ToggleDTOG_TX                            0x08004a35   Thumb Code    34  usb_regs.o(.text)
    ClearDTOG_RX                             0x08004a57   Thumb Code    48  usb_regs.o(.text)
    ClearDTOG_TX                             0x08004a87   Thumb Code    48  usb_regs.o(.text)
    SetEPAddress                             0x08004ab7   Thumb Code    46  usb_regs.o(.text)
    GetEPAddress                             0x08004ae5   Thumb Code    18  usb_regs.o(.text)
    SetEPTxAddr                              0x08004af7   Thumb Code    24  usb_regs.o(.text)
    SetEPRxAddr                              0x08004b0f   Thumb Code    26  usb_regs.o(.text)
    GetEPTxAddr                              0x08004b29   Thumb Code    22  usb_regs.o(.text)
    GetEPRxAddr                              0x08004b3f   Thumb Code    24  usb_regs.o(.text)
    SetEPTxCount                             0x08004b57   Thumb Code    20  usb_regs.o(.text)
    SetEPCountRxReg                          0x08004b6b   Thumb Code    48  usb_regs.o(.text)
    SetEPRxCount                             0x08004b9b   Thumb Code    68  usb_regs.o(.text)
    GetEPTxCount                             0x08004bdf   Thumb Code    26  usb_regs.o(.text)
    GetEPRxCount                             0x08004bf9   Thumb Code    26  usb_regs.o(.text)
    SetEPDblBuffAddr                         0x08004c13   Thumb Code    44  usb_regs.o(.text)
    SetEPDblBuf0Addr                         0x08004c3f   Thumb Code    24  usb_regs.o(.text)
    SetEPDblBuf1Addr                         0x08004c57   Thumb Code    26  usb_regs.o(.text)
    GetEPDblBuf0Addr                         0x08004c71   Thumb Code    22  usb_regs.o(.text)
    GetEPDblBuf1Addr                         0x08004c87   Thumb Code    24  usb_regs.o(.text)
    SetEPDblBuffCount                        0x08004c9f   Thumb Code   186  usb_regs.o(.text)
    SetEPDblBuf0Count                        0x08004d59   Thumb Code    96  usb_regs.o(.text)
    SetEPDblBuf1Count                        0x08004db9   Thumb Code    96  usb_regs.o(.text)
    GetEPDblBuf0Count                        0x08004e19   Thumb Code    26  usb_regs.o(.text)
    GetEPDblBuf1Count                        0x08004e33   Thumb Code    26  usb_regs.o(.text)
    GetEPDblBufDir                           0x08004e4d   Thumb Code    62  usb_regs.o(.text)
    FreeUserBuffer                           0x08004e8b   Thumb Code    90  usb_regs.o(.text)
    ToWord                                   0x08004ee5   Thumb Code     8  usb_regs.o(.text)
    ByteSwap                                 0x08004eed   Thumb Code    12  usb_regs.o(.text)
    USB_SIL_Init                             0x08004ef9   Thumb Code    28  usb_sil.o(.text)
    USB_SIL_Write                            0x08004f15   Thumb Code    46  usb_sil.o(.text)
    USB_SIL_Read                             0x08004f43   Thumb Code    46  usb_sil.o(.text)
    USBWakeUp_IRQHandler                     0x08004f79   Thumb Code    12  hw_config.o(.text)
    USB_LP_CAN1_RX0_IRQHandler               0x08004f85   Thumb Code     8  hw_config.o(.text)
    Set_USBClock                             0x08004f8d   Thumb Code    18  hw_config.o(.text)
    Enter_LowPowerMode                       0x08004f9f   Thumb Code    16  hw_config.o(.text)
    Leave_LowPowerMode                       0x08004faf   Thumb Code    30  hw_config.o(.text)
    USB_Interrupts_Config                    0x08004fcd   Thumb Code    84  hw_config.o(.text)
    USB_Cable_Config                         0x08005021   Thumb Code    22  hw_config.o(.text)
    USB_Port_Set                             0x08005037   Thumb Code    74  hw_config.o(.text)
    IntToUnicode                             0x08005081   Thumb Code    62  hw_config.o(.text)
    Get_SerialNum                            0x080050bf   Thumb Code    42  hw_config.o(.text)
    USART_Config                             0x080050e9   Thumb Code    62  hw_config.o(.text)
    USB_To_USART_Send_Data                   0x08005127   Thumb Code   120  hw_config.o(.text)
    USB_USART_SendData                       0x0800519f   Thumb Code    40  hw_config.o(.text)
    usb_printf                               0x080051c7   Thumb Code    56  hw_config.o(.text)
    EP1_IN_Callback                          0x080052fd   Thumb Code   136  usb_endp.o(.text)
    EP3_OUT_Callback                         0x08005385   Thumb Code    28  usb_endp.o(.text)
    SOF_Callback                             0x080053a1   Thumb Code    38  usb_endp.o(.text)
    USB_Istr                                 0x080053d9   Thumb Code   426  usb_istr.o(.text)
    Virtual_Com_Port_init                    0x080055a9   Thumb Code    30  usb_prop.o(.text)
    Virtual_Com_Port_Reset                   0x080055c7   Thumb Code   216  usb_prop.o(.text)
    Virtual_Com_Port_SetConfiguration        0x0800569f   Thumb Code    14  usb_prop.o(.text)
    Virtual_Com_Port_SetDeviceAddress        0x080056ad   Thumb Code     8  usb_prop.o(.text)
    Virtual_Com_Port_Status_In               0x080056b5   Thumb Code    22  usb_prop.o(.text)
    Virtual_Com_Port_Status_Out              0x080056cb   Thumb Code     2  usb_prop.o(.text)
    Virtual_Com_Port_SetLineCoding           0x080056cd   Thumb Code    20  usb_prop.o(.text)
    Virtual_Com_Port_GetLineCoding           0x080056e1   Thumb Code    20  usb_prop.o(.text)
    Virtual_Com_Port_Data_Setup              0x080056f5   Thumb Code    86  usb_prop.o(.text)
    Virtual_Com_Port_NoData_Setup            0x0800574b   Thumb Code    36  usb_prop.o(.text)
    Virtual_Com_Port_GetDeviceDescriptor     0x0800576f   Thumb Code    14  usb_prop.o(.text)
    Virtual_Com_Port_GetConfigDescriptor     0x0800577d   Thumb Code    14  usb_prop.o(.text)
    Virtual_Com_Port_GetStringDescriptor     0x0800578b   Thumb Code    32  usb_prop.o(.text)
    Virtual_Com_Port_Get_Interface_Setting   0x080057ab   Thumb Code    22  usb_prop.o(.text)
    PowerOn                                  0x080057e9   Thumb Code    54  usb_pwr.o(.text)
    PowerOff                                 0x0800581f   Thumb Code    28  usb_pwr.o(.text)
    Suspend                                  0x0800583b   Thumb Code   142  usb_pwr.o(.text)
    Resume_Init                              0x080058c9   Thumb Code    30  usb_pwr.o(.text)
    Resume                                   0x080058e7   Thumb Code   194  usb_pwr.o(.text)
    __use_no_semihosting                     0x080059c1   Thumb Code     2  use_no_semi_2.o(.text)
    vsprintf                                 0x080059c5   Thumb Code    32  vsprintf.o(.text)
    __2printf                                0x080059e9   Thumb Code    20  __2printf.o(.text)
    _printf_int_dec                          0x08005a01   Thumb Code   104  _printf_dec.o(.text)
    __printf                                 0x08005a79   Thumb Code   388  __printf_flags_ss_wp.o(.text)
    strlen                                   0x08005c01   Thumb Code    62  strlen.o(.text)
    __aeabi_memclr                           0x08005c3f   Thumb Code     0  rt_memclr.o(.text)
    __rt_memclr                              0x08005c3f   Thumb Code    68  rt_memclr.o(.text)
    _memset                                  0x08005c43   Thumb Code     0  rt_memclr.o(.text)
    __use_two_region_memory                  0x08005c83   Thumb Code     2  heapauxi.o(.text)
    __rt_heap_escrow$2region                 0x08005c85   Thumb Code     2  heapauxi.o(.text)
    __rt_heap_expand$2region                 0x08005c87   Thumb Code     2  heapauxi.o(.text)
    __I$use$semihosting                      0x08005c89   Thumb Code     0  use_no_semi.o(.text)
    __use_no_semihosting_swi                 0x08005c89   Thumb Code     2  use_no_semi.o(.text)
    _printf_pre_padding                      0x08005c8b   Thumb Code    44  _printf_pad.o(.text)
    _printf_post_padding                     0x08005cb7   Thumb Code    34  _printf_pad.o(.text)
    _printf_truncate_signed                  0x08005cd9   Thumb Code    18  _printf_truncate.o(.text)
    _printf_truncate_unsigned                0x08005ceb   Thumb Code    18  _printf_truncate.o(.text)
    _printf_str                              0x08005cfd   Thumb Code    82  _printf_str.o(.text)
    _printf_int_common                       0x08005d4f   Thumb Code   178  _printf_intcommon.o(.text)
    _printf_charcount                        0x08005e01   Thumb Code    40  _printf_charcount.o(.text)
    _printf_char_common                      0x08005e33   Thumb Code    32  _printf_char_common.o(.text)
    _sputc                                   0x08005e59   Thumb Code    10  _sputc.o(.text)
    _printf_char_file                        0x08005e65   Thumb Code    32  _printf_char_file.o(.text)
    _printf_wctomb                           0x08005e89   Thumb Code   182  _printf_wctomb.o(.text)
    _printf_longlong_dec                     0x08005f45   Thumb Code   108  _printf_longlong_dec.o(.text)
    _printf_longlong_oct                     0x08005fc1   Thumb Code    66  _printf_oct_int_ll.o(.text)
    _printf_int_oct                          0x08006003   Thumb Code    24  _printf_oct_int_ll.o(.text)
    _printf_ll_oct                           0x0800601b   Thumb Code    12  _printf_oct_int_ll.o(.text)
    _printf_longlong_hex                     0x08006031   Thumb Code    86  _printf_hex_int_ll_ptr.o(.text)
    _printf_int_hex                          0x08006087   Thumb Code    28  _printf_hex_int_ll_ptr.o(.text)
    _printf_ll_hex                           0x080060a3   Thumb Code    12  _printf_hex_int_ll_ptr.o(.text)
    _printf_hex_ptr                          0x080060af   Thumb Code    18  _printf_hex_int_ll_ptr.o(.text)
    __aeabi_memclr4                          0x080060c5   Thumb Code     0  rt_memclr_w.o(.text)
    __aeabi_memclr8                          0x080060c5   Thumb Code     0  rt_memclr_w.o(.text)
    __rt_memclr_w                            0x080060c5   Thumb Code    78  rt_memclr_w.o(.text)
    _memset_w                                0x080060c9   Thumb Code     0  rt_memclr_w.o(.text)
    _ll_udiv10                               0x08006113   Thumb Code   138  lludiv10.o(.text)
    __lib_sel_fp_printf                      0x0800619d   Thumb Code     2  _printf_fp_dec.o(.text)
    _printf_fp_dec_real                      0x0800634f   Thumb Code   620  _printf_fp_dec.o(.text)
    _printf_fp_hex_real                      0x080065bd   Thumb Code   756  _printf_fp_hex.o(.text)
    _printf_cs_common                        0x080068b9   Thumb Code    20  _printf_char.o(.text)
    _printf_char                             0x080068cd   Thumb Code    16  _printf_char.o(.text)
    _printf_string                           0x080068dd   Thumb Code     8  _printf_char.o(.text)
    _printf_lcs_common                       0x080068e5   Thumb Code    20  _printf_wchar.o(.text)
    _printf_wchar                            0x080068f9   Thumb Code    16  _printf_wchar.o(.text)
    _printf_wstring                          0x08006909   Thumb Code     8  _printf_wchar.o(.text)
    ferror                                   0x08006911   Thumb Code     8  ferror.o(.text)
    _wcrtomb                                 0x08006919   Thumb Code    64  _wcrtomb.o(.text)
    __user_setup_stackheap                   0x08006959   Thumb Code    74  sys_stackheap_outer.o(.text)
    __rt_ctype_table                         0x080069a5   Thumb Code    16  rt_ctype_table.o(.text)
    __rt_locale                              0x080069b5   Thumb Code     8  rt_locale_intlibspace.o(.text)
    _printf_fp_infnan                        0x080069bd   Thumb Code   112  _printf_fp_infnan.o(.text)
    _btod_etento                             0x08006a3d   Thumb Code   224  bigflt0.o(.text)
    exit                                     0x08006b21   Thumb Code    18  exit.o(.text)
    __user_libspace                          0x08006b35   Thumb Code     8  libspace.o(.text)
    __user_perproc_libspace                  0x08006b35   Thumb Code     0  libspace.o(.text)
    __user_perthread_libspace                0x08006b35   Thumb Code     0  libspace.o(.text)
    strcmp                                   0x08006b3d   Thumb Code   128  strcmpv7m.o(.text)
    _btod_d2e                                0x08006bbd   Thumb Code    62  btod.o(CL$$btod_d2e)
    _d2e_denorm_low                          0x08006bfb   Thumb Code    70  btod.o(CL$$btod_d2e_denorm_low)
    _d2e_norm_op1                            0x08006c41   Thumb Code    96  btod.o(CL$$btod_d2e_norm_op1)
    __btod_div_common                        0x08006ca1   Thumb Code   696  btod.o(CL$$btod_div_common)
    _e2e                                     0x08006fd9   Thumb Code   220  btod.o(CL$$btod_e2e)
    _btod_ediv                               0x080070b5   Thumb Code    42  btod.o(CL$$btod_ediv)
    _btod_emul                               0x080070df   Thumb Code    42  btod.o(CL$$btod_emul)
    __btod_mult_common                       0x08007109   Thumb Code   580  btod.o(CL$$btod_mult_common)
    __ARM_fpclassify                         0x0800734d   Thumb Code    40  fpclassify.o(i.__ARM_fpclassify)
    _is_digit                                0x08007375   Thumb Code    14  __printf_wp.o(i._is_digit)
    _get_lc_numeric                          0x08007385   Thumb Code    44  lc_numeric_c.o(locale$$code)
    _get_lc_ctype                            0x080073b1   Thumb Code    44  lc_ctype_c.o(locale$$code)
    __aeabi_d2f                              0x080073dd   Thumb Code     0  d2f.o(x$fpl$d2f)
    _d2f                                     0x080073dd   Thumb Code    98  d2f.o(x$fpl$d2f)
    __aeabi_ddiv                             0x08007441   Thumb Code     0  ddiv.o(x$fpl$ddiv)
    _ddiv                                    0x08007441   Thumb Code   552  ddiv.o(x$fpl$ddiv)
    __aeabi_i2d                              0x080076f1   Thumb Code     0  dflt_clz.o(x$fpl$dflt)
    _dflt                                    0x080076f1   Thumb Code    46  dflt_clz.o(x$fpl$dflt)
    __aeabi_dmul                             0x08007721   Thumb Code     0  dmul.o(x$fpl$dmul)
    _dmul                                    0x08007721   Thumb Code   332  dmul.o(x$fpl$dmul)
    __fpl_dnaninf                            0x08007875   Thumb Code   156  dnaninf.o(x$fpl$dnaninf)
    __fpl_dretinf                            0x08007911   Thumb Code    12  dretinf.o(x$fpl$dretinf)
    __aeabi_f2d                              0x0800791d   Thumb Code     0  f2d.o(x$fpl$f2d)
    _f2d                                     0x0800791d   Thumb Code    86  f2d.o(x$fpl$f2d)
    __aeabi_fdiv                             0x08007975   Thumb Code     0  fdiv.o(x$fpl$fdiv)
    _fdiv                                    0x08007975   Thumb Code   384  fdiv.o(x$fpl$fdiv)
    __aeabi_f2iz                             0x08007af9   Thumb Code     0  ffix.o(x$fpl$ffix)
    _ffix                                    0x08007af9   Thumb Code    54  ffix.o(x$fpl$ffix)
    __aeabi_f2uiz                            0x08007b31   Thumb Code     0  ffixu.o(x$fpl$ffixu)
    _ffixu                                   0x08007b31   Thumb Code    62  ffixu.o(x$fpl$ffixu)
    __aeabi_i2f                              0x08007b71   Thumb Code     0  fflt_clz.o(x$fpl$fflt)
    _fflt                                    0x08007b71   Thumb Code    48  fflt_clz.o(x$fpl$fflt)
    __aeabi_ui2f                             0x08007ba1   Thumb Code     0  fflt_clz.o(x$fpl$ffltu)
    _ffltu                                   0x08007ba1   Thumb Code    38  fflt_clz.o(x$fpl$ffltu)
    __aeabi_fmul                             0x08007bc9   Thumb Code     0  fmul.o(x$fpl$fmul)
    _fmul                                    0x08007bc9   Thumb Code   258  fmul.o(x$fpl$fmul)
    __fpl_fnaninf                            0x08007ccb   Thumb Code   140  fnaninf.o(x$fpl$fnaninf)
    __fpl_fretinf                            0x08007d57   Thumb Code    10  fretinf.o(x$fpl$fretinf)
    _printf_fp_dec                           0x08007d61   Thumb Code     4  printf1.o(x$fpl$printf1)
    _printf_fp_hex                           0x08007d65   Thumb Code     4  printf2.o(x$fpl$printf2)
    __I$use$fp                               0x08007d68   Number         0  usenofp.o(x$fpl$usenofp)
    auw_hamm                                 0x08007d68   Data          62  algorithm.o(.constdata)
    uch_spo2_table                           0x08007da6   Data         184  algorithm.o(.constdata)
    Virtual_Com_Port_DeviceDescriptor        0x08007e5e   Data          18  usb_desc.o(.constdata)
    Virtual_Com_Port_ConfigDescriptor        0x08007e70   Data          67  usb_desc.o(.constdata)
    Virtual_Com_Port_StringLangID            0x08007eb3   Data           4  usb_desc.o(.constdata)
    Virtual_Com_Port_StringVendor            0x08007eb7   Data          38  usb_desc.o(.constdata)
    Virtual_Com_Port_StringProduct           0x08007edd   Data          50  usb_desc.o(.constdata)
    Region$$Table$$Base                      0x0800800c   Number         0  anon$$obj.o(Region$$Table)
    Region$$Table$$Limit                     0x0800802c   Number         0  anon$$obj.o(Region$$Table)
    __ctype                                  0x08008055   Data           0  lc_ctype_c.o(locale$$data)
    senddate                                 0x20000000   Data          16  main.o(.data)
    CT1711_temp                              0x20000010   Data           4  main.o(.data)
    CT1711_hex                               0x20000014   Data           4  main.o(.data)
    n_ir_buffer_length                       0x20000018   Data           4  main.o(.data)
    n_sp02                                   0x2000001c   Data           4  main.o(.data)
    ch_spo2_valid                            0x20000020   Data           1  main.o(.data)
    n_heart_rate                             0x20000024   Data           4  main.o(.data)
    ch_hr_valid                              0x20000028   Data           1  main.o(.data)
    SystemCoreClock                          0x2000002c   Data           4  system_stm32f10x.o(.data)
    AHBPrescTable                            0x20000030   Data          16  system_stm32f10x.o(.data)
    led_flag                                 0x20000040   Data           4  timer.o(.data)
    time5s                                   0x20000044   Data           1  timer.o(.data)
    __stdout                                 0x2000004c   Data           4  usart.o(.data)
    Usart1_TX_Cou                            0x20000050   Data           2  usart.o(.data)
    Usart1_RX_Cou                            0x20000052   Data           2  usart.o(.data)
    Usart1_RX_Flag                           0x20000054   Data           1  usart.o(.data)
    StatusInfo                               0x2000006a   Data           2  usb_core.o(.data)
    Data_Mul_MaxPacketSize                   0x2000006c   Data           1  usb_core.o(.data)
    EPindex                                  0x20000070   Data           1  usb_init.o(.data)
    pInformation                             0x20000074   Data           4  usb_init.o(.data)
    pProperty                                0x20000078   Data           4  usb_init.o(.data)
    SaveState                                0x2000007c   Data           2  usb_init.o(.data)
    wInterrupt_Mask                          0x2000007e   Data           2  usb_init.o(.data)
    pUser_Standard_Requests                  0x20000080   Data           4  usb_init.o(.data)
    SaveRState                               0x20000084   Data           2  usb_int.o(.data)
    SaveTState                               0x20000086   Data           2  usb_int.o(.data)
    USB_USART_RX_STA                         0x20000088   Data           2  hw_config.o(.data)
    Virtual_Com_Port_StringSerial            0x2000008a   Data          26  usb_desc.o(.data)
    wIstr                                    0x200000a8   Data           2  usb_istr.o(.data)
    bIntPackSOF                              0x200000aa   Data           1  usb_istr.o(.data)
    esof_counter                             0x200000ac   Data           4  usb_istr.o(.data)
    wCNTR                                    0x200000b0   Data           4  usb_istr.o(.data)
    pEpInt_IN                                0x200000b4   Data          28  usb_istr.o(.data)
    pEpInt_OUT                               0x200000d0   Data          28  usb_istr.o(.data)
    Request                                  0x200000ec   Data           1  usb_prop.o(.data)
    linecoding                               0x200000f0   Data           8  usb_prop.o(.data)
    Device_Table                             0x200000f8   Data           2  usb_prop.o(.data)
    Device_Property                          0x200000fc   Data          48  usb_prop.o(.data)
    User_Standard_Requests                   0x2000012c   Data          36  usb_prop.o(.data)
    Device_Descriptor                        0x20000150   Data           8  usb_prop.o(.data)
    Config_Descriptor                        0x20000158   Data           8  usb_prop.o(.data)
    String_Descriptor                        0x20000160   Data          32  usb_prop.o(.data)
    bDeviceState                             0x20000180   Data           4  usb_pwr.o(.data)
    fSuspendEnabled                          0x20000184   Data           1  usb_pwr.o(.data)
    ResumeS                                  0x20000185   Data           2  usb_pwr.o(.data)
    remotewakeupon                           0x20000188   Data           4  usb_pwr.o(.data)
    aun_ir_buffer                            0x2000018c   Data        2000  main.o(.bss)
    aun_red_buffer                           0x2000095c   Data        2000  main.o(.bss)
    USART1_RX_BUF                            0x2000288c   Data         200  usart.o(.bss)
    USART1_TX_BUF                            0x20002954   Data         200  usart.o(.bss)
    Device_Info                              0x20002a1c   Data          28  usb_init.o(.bss)
    uu_txfifo                                0x20002a38   Data         104  hw_config.o(.bss)
    USART_PRINTF_Buffer                      0x20002aa0   Data         200  hw_config.o(.bss)
    USB_USART_RX_BUF                         0x20002b68   Data         200  hw_config.o(.bss)
    USB_Rx_Buffer                            0x20002c30   Data          64  usb_endp.o(.bss)
    EP                                       0x20002c70   Data          32  usb_pwr.o(.bss)
    __libspace_start                         0x20002c90   Data          96  libspace.o(.bss)
    __temporary_stack_top$libspace           0x20002cf0   Data           0  libspace.o(.bss)



==============================================================================

Memory Map of the image

  Image Entry point : 0x08000131

  Load Region LR_IROM1 (Base: 0x08000000, Size: 0x000082e4, Max: 0x00010000, ABSOLUTE, COMPRESSED[0x000081f4])

    Execution Region ER_IROM1 (Exec base: 0x08000000, Load base: 0x08000000, Size: 0x00008158, Max: 0x00010000, ABSOLUTE)

    Exec Addr    Load Addr    Size         Type   Attr      Idx    E Section Name        Object

    0x08000000   0x08000000   0x00000130   Data   RO          399    RESET               startup_stm32f10x_hd.o
    0x08000130   0x08000130   0x00000008   Code   RO          826  * !!!main             c_w.l(__main.o)
    0x08000138   0x08000138   0x00000034   Code   RO         1173    !!!scatter          c_w.l(__scatter.o)
    0x0800016c   0x0800016c   0x0000005a   Code   RO         1171    !!dczerorl2         c_w.l(__dczerorl2.o)
    0x080001c6   0x080001c6   0x00000002   PAD
    0x080001c8   0x080001c8   0x0000001c   Code   RO         1175    !!handler_zi        c_w.l(__scatter_zi.o)
    0x080001e4   0x080001e4   0x00000000   Code   RO          819    .ARM.Collect$$_printf_percent$$00000000  c_w.l(_printf_percent.o)
    0x080001e4   0x080001e4   0x00000006   Code   RO          917    .ARM.Collect$$_printf_percent$$00000001  c_w.l(_printf_n.o)
    0x080001ea   0x080001ea   0x00000006   Code   RO          919    .ARM.Collect$$_printf_percent$$00000002  c_w.l(_printf_p.o)
    0x080001f0   0x080001f0   0x00000006   Code   RO          923    .ARM.Collect$$_printf_percent$$00000003  c_w.l(_printf_f.o)
    0x080001f6   0x080001f6   0x00000006   Code   RO          924    .ARM.Collect$$_printf_percent$$00000004  c_w.l(_printf_e.o)
    0x080001fc   0x080001fc   0x00000006   Code   RO          925    .ARM.Collect$$_printf_percent$$00000005  c_w.l(_printf_g.o)
    0x08000202   0x08000202   0x00000006   Code   RO          926    .ARM.Collect$$_printf_percent$$00000006  c_w.l(_printf_a.o)
    0x08000208   0x08000208   0x0000000a   Code   RO          931    .ARM.Collect$$_printf_percent$$00000007  c_w.l(_printf_ll.o)
    0x08000212   0x08000212   0x00000006   Code   RO          921    .ARM.Collect$$_printf_percent$$00000008  c_w.l(_printf_i.o)
    0x08000218   0x08000218   0x00000006   Code   RO          818    .ARM.Collect$$_printf_percent$$00000009  c_w.l(_printf_d.o)
    0x0800021e   0x0800021e   0x00000006   Code   RO          922    .ARM.Collect$$_printf_percent$$0000000A  c_w.l(_printf_u.o)
    0x08000224   0x08000224   0x00000006   Code   RO          920    .ARM.Collect$$_printf_percent$$0000000B  c_w.l(_printf_o.o)
    0x0800022a   0x0800022a   0x00000006   Code   RO          918    .ARM.Collect$$_printf_percent$$0000000C  c_w.l(_printf_x.o)
    0x08000230   0x08000230   0x00000006   Code   RO          928    .ARM.Collect$$_printf_percent$$0000000D  c_w.l(_printf_lli.o)
    0x08000236   0x08000236   0x00000006   Code   RO          929    .ARM.Collect$$_printf_percent$$0000000E  c_w.l(_printf_lld.o)
    0x0800023c   0x0800023c   0x00000006   Code   RO          930    .ARM.Collect$$_printf_percent$$0000000F  c_w.l(_printf_llu.o)
    0x08000242   0x08000242   0x00000006   Code   RO          935    .ARM.Collect$$_printf_percent$$00000010  c_w.l(_printf_llo.o)
    0x08000248   0x08000248   0x00000006   Code   RO          936    .ARM.Collect$$_printf_percent$$00000011  c_w.l(_printf_llx.o)
    0x0800024e   0x0800024e   0x0000000a   Code   RO          932    .ARM.Collect$$_printf_percent$$00000012  c_w.l(_printf_l.o)
    0x08000258   0x08000258   0x00000006   Code   RO          915    .ARM.Collect$$_printf_percent$$00000013  c_w.l(_printf_c.o)
    0x0800025e   0x0800025e   0x00000006   Code   RO          916    .ARM.Collect$$_printf_percent$$00000014  c_w.l(_printf_s.o)
    0x08000264   0x08000264   0x00000006   Code   RO          933    .ARM.Collect$$_printf_percent$$00000015  c_w.l(_printf_lc.o)
    0x0800026a   0x0800026a   0x00000006   Code   RO          934    .ARM.Collect$$_printf_percent$$00000016  c_w.l(_printf_ls.o)
    0x08000270   0x08000270   0x00000004   Code   RO          927    .ARM.Collect$$_printf_percent$$00000017  c_w.l(_printf_percent_end.o)
    0x08000274   0x08000274   0x00000002   Code   RO         1036    .ARM.Collect$$libinit$$00000000  c_w.l(libinit.o)
    0x08000276   0x08000276   0x00000000   Code   RO         1052    .ARM.Collect$$libinit$$00000002  c_w.l(libinit2.o)
    0x08000276   0x08000276   0x00000000   Code   RO         1054    .ARM.Collect$$libinit$$00000004  c_w.l(libinit2.o)
    0x08000276   0x08000276   0x00000000   Code   RO         1057    .ARM.Collect$$libinit$$0000000A  c_w.l(libinit2.o)
    0x08000276   0x08000276   0x00000000   Code   RO         1059    .ARM.Collect$$libinit$$0000000C  c_w.l(libinit2.o)
    0x08000276   0x08000276   0x00000000   Code   RO         1061    .ARM.Collect$$libinit$$0000000E  c_w.l(libinit2.o)
    0x08000276   0x08000276   0x00000006   Code   RO         1062    .ARM.Collect$$libinit$$0000000F  c_w.l(libinit2.o)
    0x0800027c   0x0800027c   0x00000000   Code   RO         1064    .ARM.Collect$$libinit$$00000011  c_w.l(libinit2.o)
    0x0800027c   0x0800027c   0x0000000c   Code   RO         1065    .ARM.Collect$$libinit$$00000012  c_w.l(libinit2.o)
    0x08000288   0x08000288   0x00000000   Code   RO         1066    .ARM.Collect$$libinit$$00000013  c_w.l(libinit2.o)
    0x08000288   0x08000288   0x00000000   Code   RO         1068    .ARM.Collect$$libinit$$00000015  c_w.l(libinit2.o)
    0x08000288   0x08000288   0x0000000a   Code   RO         1069    .ARM.Collect$$libinit$$00000016  c_w.l(libinit2.o)
    0x08000292   0x08000292   0x00000000   Code   RO         1070    .ARM.Collect$$libinit$$00000017  c_w.l(libinit2.o)
    0x08000292   0x08000292   0x00000000   Code   RO         1072    .ARM.Collect$$libinit$$00000019  c_w.l(libinit2.o)
    0x08000292   0x08000292   0x00000000   Code   RO         1074    .ARM.Collect$$libinit$$0000001B  c_w.l(libinit2.o)
    0x08000292   0x08000292   0x00000000   Code   RO         1076    .ARM.Collect$$libinit$$0000001D  c_w.l(libinit2.o)
    0x08000292   0x08000292   0x00000000   Code   RO         1078    .ARM.Collect$$libinit$$0000001F  c_w.l(libinit2.o)
    0x08000292   0x08000292   0x00000000   Code   RO         1080    .ARM.Collect$$libinit$$00000021  c_w.l(libinit2.o)
    0x08000292   0x08000292   0x00000000   Code   RO         1082    .ARM.Collect$$libinit$$00000023  c_w.l(libinit2.o)
    0x08000292   0x08000292   0x00000000   Code   RO         1084    .ARM.Collect$$libinit$$00000025  c_w.l(libinit2.o)
    0x08000292   0x08000292   0x00000000   Code   RO         1088    .ARM.Collect$$libinit$$0000002C  c_w.l(libinit2.o)
    0x08000292   0x08000292   0x00000000   Code   RO         1090    .ARM.Collect$$libinit$$0000002E  c_w.l(libinit2.o)
    0x08000292   0x08000292   0x00000000   Code   RO         1092    .ARM.Collect$$libinit$$00000030  c_w.l(libinit2.o)
    0x08000292   0x08000292   0x00000000   Code   RO         1094    .ARM.Collect$$libinit$$00000032  c_w.l(libinit2.o)
    0x08000292   0x08000292   0x00000002   Code   RO         1095    .ARM.Collect$$libinit$$00000033  c_w.l(libinit2.o)
    0x08000294   0x08000294   0x00000002   Code   RO         1113    .ARM.Collect$$libshutdown$$00000000  c_w.l(libshutdown.o)
    0x08000296   0x08000296   0x00000000   Code   RO         1123    .ARM.Collect$$libshutdown$$00000002  c_w.l(libshutdown2.o)
    0x08000296   0x08000296   0x00000000   Code   RO         1125    .ARM.Collect$$libshutdown$$00000004  c_w.l(libshutdown2.o)
    0x08000296   0x08000296   0x00000000   Code   RO         1128    .ARM.Collect$$libshutdown$$00000007  c_w.l(libshutdown2.o)
    0x08000296   0x08000296   0x00000000   Code   RO         1131    .ARM.Collect$$libshutdown$$0000000A  c_w.l(libshutdown2.o)
    0x08000296   0x08000296   0x00000000   Code   RO         1133    .ARM.Collect$$libshutdown$$0000000C  c_w.l(libshutdown2.o)
    0x08000296   0x08000296   0x00000000   Code   RO         1136    .ARM.Collect$$libshutdown$$0000000F  c_w.l(libshutdown2.o)
    0x08000296   0x08000296   0x00000002   Code   RO         1137    .ARM.Collect$$libshutdown$$00000010  c_w.l(libshutdown2.o)
    0x08000298   0x08000298   0x00000000   Code   RO          866    .ARM.Collect$$rtentry$$00000000  c_w.l(__rtentry.o)
    0x08000298   0x08000298   0x00000000   Code   RO          957    .ARM.Collect$$rtentry$$00000002  c_w.l(__rtentry2.o)
    0x08000298   0x08000298   0x00000006   Code   RO          969    .ARM.Collect$$rtentry$$00000004  c_w.l(__rtentry4.o)
    0x0800029e   0x0800029e   0x00000000   Code   RO          959    .ARM.Collect$$rtentry$$00000009  c_w.l(__rtentry2.o)
    0x0800029e   0x0800029e   0x00000004   Code   RO          960    .ARM.Collect$$rtentry$$0000000A  c_w.l(__rtentry2.o)
    0x080002a2   0x080002a2   0x00000000   Code   RO          962    .ARM.Collect$$rtentry$$0000000C  c_w.l(__rtentry2.o)
    0x080002a2   0x080002a2   0x00000008   Code   RO          963    .ARM.Collect$$rtentry$$0000000D  c_w.l(__rtentry2.o)
    0x080002aa   0x080002aa   0x00000002   Code   RO         1044    .ARM.Collect$$rtexit$$00000000  c_w.l(rtexit.o)
    0x080002ac   0x080002ac   0x00000000   Code   RO         1097    .ARM.Collect$$rtexit$$00000002  c_w.l(rtexit2.o)
    0x080002ac   0x080002ac   0x00000004   Code   RO         1098    .ARM.Collect$$rtexit$$00000003  c_w.l(rtexit2.o)
    0x080002b0   0x080002b0   0x00000006   Code   RO         1099    .ARM.Collect$$rtexit$$00000004  c_w.l(rtexit2.o)
    0x080002b6   0x080002b6   0x00000002   PAD
    0x080002b8   0x080002b8   0x00000300   Code   RO            1    .text               main.o
    0x080005b8   0x080005b8   0x0000001a   Code   RO          188    .text               stm32f10x_it.o
    0x080005d2   0x080005d2   0x00000002   PAD
    0x080005d4   0x080005d4   0x000001e0   Code   RO          229    .text               system_stm32f10x.o
    0x080007b4   0x080007b4   0x00000034   Code   RO          247    .text               led.o
    0x080007e8   0x080007e8   0x00000084   Code   RO          259    .text               timer.o
    0x0800086c   0x0800086c   0x0000018c   Code   RO          281    .text               ct1711.o
    0x080009f8   0x080009f8   0x000006a4   Code   RO          293    .text               algorithm.o
    0x0800109c   0x0800109c   0x000002f8   Code   RO          309    .text               max30102.o
    0x08001394   0x08001394   0x00000368   Code   RO          321    .text               myiic.o
    0x080016fc   0x080016fc   0x000000d4   Code   RO          333    .text               delay.o
    0x080017d0   0x080017d0   0x0000003c   Code   RO          348    .text               sys.o
    0x0800180c   0x0800180c   0x00000210   Code   RO          364    .text               usart.o
    0x08001a1c   0x08001a1c   0x00000040   Code   RO          400    .text               startup_stm32f10x_hd.o
    0x08001a5c   0x08001a5c   0x000000dc   Code   RO          404    .text               misc.o
    0x08001b38   0x08001b38   0x0000035c   Code   RO          428    .text               stm32f10x_gpio.o
    0x08001e94   0x08001e94   0x000003a4   Code   RO          440    .text               stm32f10x_rcc.o
    0x08002238   0x08002238   0x00000408   Code   RO          454    .text               stm32f10x_usart.o
    0x08002640   0x08002640   0x0000011c   Code   RO          466    .text               stm32f10x_exti.o
    0x0800275c   0x0800275c   0x00000e1a   Code   RO          490    .text               stm32f10x_tim.o
    0x08003576   0x08003576   0x00000002   PAD
    0x08003578   0x08003578   0x00000254   Code   RO          538    .text               stm32f10x_dma.o
    0x080037cc   0x080037cc   0x00000b50   Code   RO          550    .text               usb_core.o
    0x0800431c   0x0800431c   0x0000003c   Code   RO          568    .text               usb_init.o
    0x08004358   0x08004358   0x0000033c   Code   RO          591    .text               usb_int.o
    0x08004694   0x08004694   0x0000005c   Code   RO          615    .text               usb_mem.o
    0x080046f0   0x080046f0   0x00000808   Code   RO          627    .text               usb_regs.o
    0x08004ef8   0x08004ef8   0x00000080   Code   RO          639    .text               usb_sil.o
    0x08004f78   0x08004f78   0x00000384   Code   RO          651    .text               hw_config.o
    0x080052fc   0x080052fc   0x000000dc   Code   RO          708    .text               usb_endp.o
    0x080053d8   0x080053d8   0x000001d0   Code   RO          724    .text               usb_istr.o
    0x080055a8   0x080055a8   0x00000240   Code   RO          742    .text               usb_prop.o
    0x080057e8   0x080057e8   0x000001d8   Code   RO          765    .text               usb_pwr.o
    0x080059c0   0x080059c0   0x00000002   Code   RO          786    .text               c_w.l(use_no_semi_2.o)
    0x080059c2   0x080059c2   0x00000002   PAD
    0x080059c4   0x080059c4   0x00000024   Code   RO          788    .text               c_w.l(vsprintf.o)
    0x080059e8   0x080059e8   0x00000018   Code   RO          790    .text               c_w.l(__2printf.o)
    0x08005a00   0x08005a00   0x00000078   Code   RO          796    .text               c_w.l(_printf_dec.o)
    0x08005a78   0x08005a78   0x00000188   Code   RO          815    .text               c_w.l(__printf_flags_ss_wp.o)
    0x08005c00   0x08005c00   0x0000003e   Code   RO          820    .text               c_w.l(strlen.o)
    0x08005c3e   0x08005c3e   0x00000044   Code   RO          822    .text               c_w.l(rt_memclr.o)
    0x08005c82   0x08005c82   0x00000006   Code   RO          824    .text               c_w.l(heapauxi.o)
    0x08005c88   0x08005c88   0x00000002   Code   RO          864    .text               c_w.l(use_no_semi.o)
    0x08005c8a   0x08005c8a   0x0000004e   Code   RO          867    .text               c_w.l(_printf_pad.o)
    0x08005cd8   0x08005cd8   0x00000024   Code   RO          869    .text               c_w.l(_printf_truncate.o)
    0x08005cfc   0x08005cfc   0x00000052   Code   RO          871    .text               c_w.l(_printf_str.o)
    0x08005d4e   0x08005d4e   0x000000b2   Code   RO          873    .text               c_w.l(_printf_intcommon.o)
    0x08005e00   0x08005e00   0x00000028   Code   RO          875    .text               c_w.l(_printf_charcount.o)
    0x08005e28   0x08005e28   0x00000030   Code   RO          877    .text               c_w.l(_printf_char_common.o)
    0x08005e58   0x08005e58   0x0000000a   Code   RO          879    .text               c_w.l(_sputc.o)
    0x08005e62   0x08005e62   0x00000002   PAD
    0x08005e64   0x08005e64   0x00000024   Code   RO          881    .text               c_w.l(_printf_char_file.o)
    0x08005e88   0x08005e88   0x000000bc   Code   RO          883    .text               c_w.l(_printf_wctomb.o)
    0x08005f44   0x08005f44   0x0000007c   Code   RO          886    .text               c_w.l(_printf_longlong_dec.o)
    0x08005fc0   0x08005fc0   0x00000070   Code   RO          892    .text               c_w.l(_printf_oct_int_ll.o)
    0x08006030   0x08006030   0x00000094   Code   RO          912    .text               c_w.l(_printf_hex_int_ll_ptr.o)
    0x080060c4   0x080060c4   0x0000004e   Code   RO          937    .text               c_w.l(rt_memclr_w.o)
    0x08006112   0x08006112   0x0000008a   Code   RO          971    .text               c_w.l(lludiv10.o)
    0x0800619c   0x0800619c   0x0000041e   Code   RO          973    .text               c_w.l(_printf_fp_dec.o)
    0x080065ba   0x080065ba   0x00000002   PAD
    0x080065bc   0x080065bc   0x000002fc   Code   RO          975    .text               c_w.l(_printf_fp_hex.o)
    0x080068b8   0x080068b8   0x0000002c   Code   RO          980    .text               c_w.l(_printf_char.o)
    0x080068e4   0x080068e4   0x0000002c   Code   RO          982    .text               c_w.l(_printf_wchar.o)
    0x08006910   0x08006910   0x00000008   Code   RO          984    .text               c_w.l(ferror.o)
    0x08006918   0x08006918   0x00000040   Code   RO          988    .text               c_w.l(_wcrtomb.o)
    0x08006958   0x08006958   0x0000004a   Code   RO          990    .text               c_w.l(sys_stackheap_outer.o)
    0x080069a2   0x080069a2   0x00000002   PAD
    0x080069a4   0x080069a4   0x00000010   Code   RO          992    .text               c_w.l(rt_ctype_table.o)
    0x080069b4   0x080069b4   0x00000008   Code   RO          997    .text               c_w.l(rt_locale_intlibspace.o)
    0x080069bc   0x080069bc   0x00000080   Code   RO          999    .text               c_w.l(_printf_fp_infnan.o)
    0x08006a3c   0x08006a3c   0x000000e4   Code   RO         1001    .text               c_w.l(bigflt0.o)
    0x08006b20   0x08006b20   0x00000012   Code   RO         1029    .text               c_w.l(exit.o)
    0x08006b32   0x08006b32   0x00000002   PAD
    0x08006b34   0x08006b34   0x00000008   Code   RO         1041    .text               c_w.l(libspace.o)
    0x08006b3c   0x08006b3c   0x00000080   Code   RO         1049    .text               c_w.l(strcmpv7m.o)
    0x08006bbc   0x08006bbc   0x0000003e   Code   RO         1004    CL$$btod_d2e        c_w.l(btod.o)
    0x08006bfa   0x08006bfa   0x00000046   Code   RO         1006    CL$$btod_d2e_denorm_low  c_w.l(btod.o)
    0x08006c40   0x08006c40   0x00000060   Code   RO         1005    CL$$btod_d2e_norm_op1  c_w.l(btod.o)
    0x08006ca0   0x08006ca0   0x00000338   Code   RO         1014    CL$$btod_div_common  c_w.l(btod.o)
    0x08006fd8   0x08006fd8   0x000000dc   Code   RO         1011    CL$$btod_e2e        c_w.l(btod.o)
    0x080070b4   0x080070b4   0x0000002a   Code   RO         1008    CL$$btod_ediv       c_w.l(btod.o)
    0x080070de   0x080070de   0x0000002a   Code   RO         1007    CL$$btod_emul       c_w.l(btod.o)
    0x08007108   0x08007108   0x00000244   Code   RO         1013    CL$$btod_mult_common  c_w.l(btod.o)
    0x0800734c   0x0800734c   0x00000028   Code   RO         1039    i.__ARM_fpclassify  m_ws.l(fpclassify.o)
    0x08007374   0x08007374   0x0000000e   Code   RO          808    i._is_digit         c_w.l(__printf_wp.o)
    0x08007382   0x08007382   0x00000002   PAD
    0x08007384   0x08007384   0x0000002c   Code   RO         1027    locale$$code        c_w.l(lc_numeric_c.o)
    0x080073b0   0x080073b0   0x0000002c   Code   RO         1047    locale$$code        c_w.l(lc_ctype_c.o)
    0x080073dc   0x080073dc   0x00000062   Code   RO          828    x$fpl$d2f           fz_ws.l(d2f.o)
    0x0800743e   0x0800743e   0x00000002   PAD
    0x08007440   0x08007440   0x000002b0   Code   RO          831    x$fpl$ddiv          fz_ws.l(ddiv.o)
    0x080076f0   0x080076f0   0x0000002e   Code   RO          835    x$fpl$dflt          fz_ws.l(dflt_clz.o)
    0x0800771e   0x0800771e   0x00000002   PAD
    0x08007720   0x08007720   0x00000154   Code   RO          840    x$fpl$dmul          fz_ws.l(dmul.o)
    0x08007874   0x08007874   0x0000009c   Code   RO          939    x$fpl$dnaninf       fz_ws.l(dnaninf.o)
    0x08007910   0x08007910   0x0000000c   Code   RO          941    x$fpl$dretinf       fz_ws.l(dretinf.o)
    0x0800791c   0x0800791c   0x00000056   Code   RO          842    x$fpl$f2d           fz_ws.l(f2d.o)
    0x08007972   0x08007972   0x00000002   PAD
    0x08007974   0x08007974   0x00000184   Code   RO          845    x$fpl$fdiv          fz_ws.l(fdiv.o)
    0x08007af8   0x08007af8   0x00000036   Code   RO          848    x$fpl$ffix          fz_ws.l(ffix.o)
    0x08007b2e   0x08007b2e   0x00000002   PAD
    0x08007b30   0x08007b30   0x0000003e   Code   RO          852    x$fpl$ffixu         fz_ws.l(ffixu.o)
    0x08007b6e   0x08007b6e   0x00000002   PAD
    0x08007b70   0x08007b70   0x00000030   Code   RO          857    x$fpl$fflt          fz_ws.l(fflt_clz.o)
    0x08007ba0   0x08007ba0   0x00000026   Code   RO          856    x$fpl$ffltu         fz_ws.l(fflt_clz.o)
    0x08007bc6   0x08007bc6   0x00000002   PAD
    0x08007bc8   0x08007bc8   0x00000102   Code   RO          862    x$fpl$fmul          fz_ws.l(fmul.o)
    0x08007cca   0x08007cca   0x0000008c   Code   RO          943    x$fpl$fnaninf       fz_ws.l(fnaninf.o)
    0x08007d56   0x08007d56   0x0000000a   Code   RO          945    x$fpl$fretinf       fz_ws.l(fretinf.o)
    0x08007d60   0x08007d60   0x00000004   Code   RO          947    x$fpl$printf1       fz_ws.l(printf1.o)
    0x08007d64   0x08007d64   0x00000004   Code   RO          949    x$fpl$printf2       fz_ws.l(printf2.o)
    0x08007d68   0x08007d68   0x00000000   Code   RO          955    x$fpl$usenofp       fz_ws.l(usenofp.o)
    0x08007d68   0x08007d68   0x000000f6   Data   RO          295    .constdata          algorithm.o
    0x08007e5e   0x08007e5e   0x000000b1   Data   RO          695    .constdata          usb_desc.o
    0x08007f0f   0x08007f0f   0x00000011   Data   RO          816    .constdata          c_w.l(__printf_flags_ss_wp.o)
    0x08007f20   0x08007f20   0x00000008   Data   RO          884    .constdata          c_w.l(_printf_wctomb.o)
    0x08007f28   0x08007f28   0x00000028   Data   RO          913    .constdata          c_w.l(_printf_hex_int_ll_ptr.o)
    0x08007f50   0x08007f50   0x00000026   Data   RO          976    .constdata          c_w.l(_printf_fp_hex.o)
    0x08007f76   0x08007f76   0x00000002   PAD
    0x08007f78   0x08007f78   0x00000094   Data   RO         1002    .constdata          c_w.l(bigflt0.o)
    0x0800800c   0x0800800c   0x00000020   Data   RO         1169    Region$$Table       anon$$obj.o
    0x0800802c   0x0800802c   0x0000001c   Data   RO         1026    locale$$data        c_w.l(lc_numeric_c.o)
    0x08008048   0x08008048   0x00000110   Data   RO         1046    locale$$data        c_w.l(lc_ctype_c.o)


    Execution Region RW_IRAM1 (Exec base: 0x20000000, Load base: 0x08008158, Size: 0x000032f0, Max: 0x00005000, ABSOLUTE, COMPRESSED[0x0000009c])

    Exec Addr    Load Addr    Size         Type   Attr      Idx    E Section Name        Object

    0x20000000   COMPRESSED   0x00000029   Data   RW            3    .data               main.o
    0x20000029   COMPRESSED   0x00000003   PAD
    0x2000002c   COMPRESSED   0x00000014   Data   RW          230    .data               system_stm32f10x.o
    0x20000040   COMPRESSED   0x00000005   Data   RW          260    .data               timer.o
    0x20000045   COMPRESSED   0x00000001   PAD
    0x20000046   COMPRESSED   0x00000004   Data   RW          334    .data               delay.o
    0x2000004a   COMPRESSED   0x00000002   PAD
    0x2000004c   COMPRESSED   0x00000009   Data   RW          366    .data               usart.o
    0x20000055   COMPRESSED   0x00000014   Data   RW          441    .data               stm32f10x_rcc.o
    0x20000069   COMPRESSED   0x00000001   PAD
    0x2000006a   COMPRESSED   0x00000003   Data   RW          551    .data               usb_core.o
    0x2000006d   COMPRESSED   0x00000003   PAD
    0x20000070   COMPRESSED   0x00000014   Data   RW          570    .data               usb_init.o
    0x20000084   COMPRESSED   0x00000004   Data   RW          592    .data               usb_int.o
    0x20000088   COMPRESSED   0x00000002   Data   RW          653    .data               hw_config.o
    0x2000008a   COMPRESSED   0x0000001a   Data   RW          696    .data               usb_desc.o
    0x200000a4   COMPRESSED   0x00000004   Data   RW          710    .data               usb_endp.o
    0x200000a8   COMPRESSED   0x00000044   Data   RW          725    .data               usb_istr.o
    0x200000ec   COMPRESSED   0x00000094   Data   RW          743    .data               usb_prop.o
    0x20000180   COMPRESSED   0x0000000c   Data   RW          767    .data               usb_pwr.o
    0x2000018c        -       0x00000fa0   Zero   RW            2    .bss                main.o
    0x2000112c        -       0x00001760   Zero   RW          294    .bss                algorithm.o
    0x2000288c        -       0x00000190   Zero   RW          365    .bss                usart.o
    0x20002a1c        -       0x0000001c   Zero   RW          569    .bss                usb_init.o
    0x20002a38        -       0x000001f8   Zero   RW          652    .bss                hw_config.o
    0x20002c30        -       0x00000040   Zero   RW          709    .bss                usb_endp.o
    0x20002c70        -       0x00000020   Zero   RW          766    .bss                usb_pwr.o
    0x20002c90        -       0x00000060   Zero   RW         1042    .bss                c_w.l(libspace.o)
    0x20002cf0        -       0x00000200   Zero   RW          398    HEAP                startup_stm32f10x_hd.o
    0x20002ef0        -       0x00000400   Zero   RW          397    STACK               startup_stm32f10x_hd.o


==============================================================================

Image component sizes


      Code (inc. data)   RO Data    RW Data    ZI Data      Debug   Object Name

      1700         30        246          0       5984       5547   algorithm.o
       396         16          0          0          0       1596   ct1711.o
       212         18          0          4          0        943   delay.o
       900        254          0          2        504       5965   hw_config.o
        52          4          0          0          0        435   led.o
       768         80          0         41       4000     276699   main.o
       760          4          0          0          0       3450   max30102.o
       220         22          0          0          0       1697   misc.o
       872         12          0          0          0       3506   myiic.o
        64         26        304          0       1536        752   startup_stm32f10x_hd.o
       596          8          0          0          0       4262   stm32f10x_dma.o
       284         10          0          0          0       2155   stm32f10x_exti.o
       860         38          0          0          0       5633   stm32f10x_gpio.o
        26          0          0          0          0       1130   stm32f10x_it.o
       932         36          0         20          0       8764   stm32f10x_rcc.o
      3610         88          0          0          0      22740   stm32f10x_tim.o
      1032         22          0          0          0       8356   stm32f10x_usart.o
        60         10          0          0          0        768   sys.o
       480         38          0         20          0       1587   system_stm32f10x.o
       132         10          0          5          0        970   timer.o
       528         30          0          9        400       3680   usart.o
      2896        114          0          3          0       8375   usb_core.o
         0          0        177         26          0        979   usb_desc.o
       220         18          0          4         64       1460   usb_endp.o
        60         24          0         20         28       3978   usb_init.o
       828         34          0          4          0       1819   usb_int.o
       464         38          0         68          0       1463   usb_istr.o
        92          6          0          0          0       1354   usb_mem.o
       576         40          0        148          0       7219   usb_prop.o
       472         32          0         12         32       2575   usb_pwr.o
      2056         20          0          0          0      11933   usb_regs.o
       128          8          0          0          0       1418   usb_sil.o

    ----------------------------------------------------------------------
     22280       1090        759        396      12548     403208   Object Totals
         0          0         32          0          0          0   (incl. Generated)
         4          0          0         10          0          0   (incl. Padding)

    ----------------------------------------------------------------------

      Code (inc. data)   RO Data    RW Data    ZI Data      Debug   Library Member Name

        24          4          0          0          0         84   __2printf.o
        90          0          0          0          0          0   __dczerorl2.o
         8          0          0          0          0         68   __main.o
       392          4         17          0          0         92   __printf_flags_ss_wp.o
        14          0          0          0          0         68   __printf_wp.o
         0          0          0          0          0          0   __rtentry.o
        12          0          0          0          0          0   __rtentry2.o
         6          0          0          0          0          0   __rtentry4.o
        52          8          0          0          0          0   __scatter.o
        28          0          0          0          0          0   __scatter_zi.o
         6          0          0          0          0          0   _printf_a.o
         6          0          0          0          0          0   _printf_c.o
        44          0          0          0          0        108   _printf_char.o
        48          6          0          0          0         96   _printf_char_common.o
        36          4          0          0          0         80   _printf_char_file.o
        40          0          0          0          0         68   _printf_charcount.o
         6          0          0          0          0          0   _printf_d.o
       120         16          0          0          0         92   _printf_dec.o
         6          0          0          0          0          0   _printf_e.o
         6          0          0          0          0          0   _printf_f.o
      1054          0          0          0          0        216   _printf_fp_dec.o
       764          8         38          0          0        100   _printf_fp_hex.o
       128         16          0          0          0         84   _printf_fp_infnan.o
         6          0          0          0          0          0   _printf_g.o
       148          4         40          0          0        160   _printf_hex_int_ll_ptr.o
         6          0          0          0          0          0   _printf_i.o
       178          0          0          0          0         88   _printf_intcommon.o
        10          0          0          0          0          0   _printf_l.o
         6          0          0          0          0          0   _printf_lc.o
        10          0          0          0          0          0   _printf_ll.o
         6          0          0          0          0          0   _printf_lld.o
         6          0          0          0          0          0   _printf_lli.o
         6          0          0          0          0          0   _printf_llo.o
         6          0          0          0          0          0   _printf_llu.o
         6          0          0          0          0          0   _printf_llx.o
       124         16          0          0          0         92   _printf_longlong_dec.o
         6          0          0          0          0          0   _printf_ls.o
         6          0          0          0          0          0   _printf_n.o
         6          0          0          0          0          0   _printf_o.o
       112         10          0          0          0        124   _printf_oct_int_ll.o
         6          0          0          0          0          0   _printf_p.o
        78          0          0          0          0        108   _printf_pad.o
         0          0          0          0          0          0   _printf_percent.o
         4          0          0          0          0          0   _printf_percent_end.o
         6          0          0          0          0          0   _printf_s.o
        82          0          0          0          0         80   _printf_str.o
        36          0          0          0          0         84   _printf_truncate.o
         6          0          0          0          0          0   _printf_u.o
        44          0          0          0          0        108   _printf_wchar.o
       188          6          8          0          0         92   _printf_wctomb.o
         6          0          0          0          0          0   _printf_x.o
        10          0          0          0          0         68   _sputc.o
        64          0          0          0          0         92   _wcrtomb.o
       228          4        148          0          0         96   bigflt0.o
      1936        128          0          0          0        672   btod.o
        18          0          0          0          0         80   exit.o
         8          0          0          0          0         68   ferror.o
         6          0          0          0          0        152   heapauxi.o
        44         10        272          0          0         76   lc_ctype_c.o
        44         10         28          0          0         76   lc_numeric_c.o
         2          0          0          0          0          0   libinit.o
        30          0          0          0          0          0   libinit2.o
         2          0          0          0          0          0   libshutdown.o
         2          0          0          0          0          0   libshutdown2.o
         8          4          0          0         96         68   libspace.o
       138          0          0          0          0         80   lludiv10.o
        16          4          0          0          0         76   rt_ctype_table.o
         8          4          0          0          0         68   rt_locale_intlibspace.o
        68          0          0          0          0         68   rt_memclr.o
        78          0          0          0          0         80   rt_memclr_w.o
         2          0          0          0          0          0   rtexit.o
        10          0          0          0          0          0   rtexit2.o
       128          0          0          0          0         68   strcmpv7m.o
        62          0          0          0          0         76   strlen.o
        74          0          0          0          0         80   sys_stackheap_outer.o
         2          0          0          0          0         68   use_no_semi.o
         2          0          0          0          0         68   use_no_semi_2.o
        36          4          0          0          0         76   vsprintf.o
        98          4          0          0          0         92   d2f.o
       688        140          0          0          0        208   ddiv.o
        46          0          0          0          0         68   dflt_clz.o
       340         12          0          0          0        104   dmul.o
       156          4          0          0          0         92   dnaninf.o
        12          0          0          0          0         68   dretinf.o
        86          4          0          0          0         84   f2d.o
       388         76          0          0          0         96   fdiv.o
        54          4          0          0          0         84   ffix.o
        62          4          0          0          0         84   ffixu.o
        86          0          0          0          0        136   fflt_clz.o
       258          4          0          0          0         84   fmul.o
       140          4          0          0          0         84   fnaninf.o
        10          0          0          0          0         68   fretinf.o
         4          0          0          0          0         68   printf1.o
         4          0          0          0          0         68   printf2.o
         0          0          0          0          0          0   usenofp.o
        40          0          0          0          0         68   fpclassify.o

    ----------------------------------------------------------------------
      9520        526        553          0         96       5904   Library Totals
        28          0          2          0          0          0   (incl. Padding)

    ----------------------------------------------------------------------

      Code (inc. data)   RO Data    RW Data    ZI Data      Debug   Library Name

      7020        270        551          0         96       4348   c_w.l
      2432        256          0          0          0       1488   fz_ws.l
        40          0          0          0          0         68   m_ws.l

    ----------------------------------------------------------------------
      9520        526        553          0         96       5904   Library Totals

    ----------------------------------------------------------------------

==============================================================================


      Code (inc. data)   RO Data    RW Data    ZI Data      Debug   

     31800       1616       1312        396      12644     403180   Grand Totals
     31800       1616       1312        156      12644     403180   ELF Image Totals (compressed)
     31800       1616       1312        156          0          0   ROM Totals

==============================================================================

    Total RO  Size (Code + RO Data)                33112 (  32.34kB)
    Total RW  Size (RW Data + ZI Data)             13040 (  12.73kB)
    Total ROM Size (Code + RO Data + RW Data)      33268 (  32.49kB)

==============================================================================

